******************************************************************************
             TMS320C2000 Linker PC v16.9.3                     
******************************************************************************
>> Linked Sat Apr 28 23:45:00 2018

OUTPUT FILE NAME:   <oled27f.out>
ENTRY POINT SYMBOL: "_c_int00"  address: 000069ba


MEMORY CONFIGURATION

         name            origin    length      used     unused   attr    fill
----------------------  --------  ---------  --------  --------  ----  --------
PAGE 0:
  RAMM0                 00000050   000003b0  00000004  000003ac  RWIX
  OTP                   003d7800   00000400  00000000  00000400  RWIX
  FLASHB                003f6000   00001000  00001000  00000000  RWIX
  FLASHA                003f7000   00000f80  00000f80  00000000  RWIX
  CSM_RSVD              003f7f80   00000076  00000000  00000076  RWIX
  BEGIN                 003f7ff6   00000002  00000002  00000000  RWIX
  CSM_PWL_P0            003f7ff8   00000008  00000000  00000008  RWIX
  IQTABLES              003fe000   00000b50  00000000  00000b50  RWIX
  IQTABLES2             003feb50   0000008c  00000000  0000008c  RWIX
  IQTABLES3             003febdc   000000aa  00000000  000000aa  RWIX
  ROM                   003ff27c   00000d44  00000000  00000d44  RWIX
  RESET                 003fffc0   00000002  00000000  00000002  RWIX
  VECTORS               003fffc2   0000003e  00000000  0000003e  RWIX

PAGE 1:
  BOOT_RSVD             00000000   00000050  00000000  00000050  RWIX
  RAMM1                 00000400   00000400  00000400  00000000  RWIX
  DEV_EMU               00000880   00000105  00000004  00000101  RWIX
  SYS_PWR_CTL           00000985   00000003  00000003  00000000  RWIX
  FLASH_REGS            00000a80   00000060  00000008  00000058  RWIX
  CSM                   00000ae0   00000010  00000010  00000000  RWIX
  ADC_RESULT            00000b00   00000020  00000020  00000000  RWIX
  CPU_TIMER0            00000c00   00000008  00000008  00000000  RWIX
  CPU_TIMER1            00000c08   00000008  00000008  00000000  RWIX
  CPU_TIMER2            00000c10   00000008  00000008  00000000  RWIX
  PIE_CTRL              00000ce0   00000020  0000001a  00000006  RWIX
  PIE_VECT              00000d00   00000100  00000100  00000000  RWIX
  COMP1                 00006400   00000020  00000020  00000000  RWIX
  COMP2                 00006420   00000020  00000020  00000000  RWIX
  EPWM1                 00006800   00000040  00000040  00000000  RWIX
  EPWM2                 00006840   00000040  00000040  00000000  RWIX
  EPWM3                 00006880   00000040  00000040  00000000  RWIX
  EPWM4                 000068c0   00000040  00000040  00000000  RWIX
  ECAP1                 00006a00   00000020  00000020  00000000  RWIX
  GPIOCTRL              00006f80   00000040  00000040  00000000  RWIX
  GPIODAT               00006fc0   00000020  00000020  00000000  RWIX
  GPIOINT               00006fe0   00000020  0000000a  00000016  RWIX
  SYSTEM                00007010   00000020  0000001f  00000001  RWIX
  SPIA                  00007040   00000010  00000010  00000000  RWIX
  SCIA                  00007050   00000010  00000010  00000000  RWIX
  NMIINTRUPT            00007060   00000010  00000010  00000000  RWIX
  XINTRUPT              00007070   00000010  00000010  00000000  RWIX
  ADC                   00007100   00000080  00000051  0000002f  RWIX
  I2CA                  00007900   00000040  00000022  0000001e  RWIX
  RAML0                 00008000   00000400  00000400  00000000  RWIX
  PARTID                003d7fff   00000001  00000001  00000000  RWIX
  CSM_PWL               003f7ff8   00000008  00000008  00000000  RWIX


SECTION ALLOCATION MAP

 output                                  attributes/
section   page    origin      length       input sections
--------  ----  ----------  ----------   ----------------
.cinit     0    00000000    00000090     FAILED TO ALLOCATE
.cio       0    00000000    00000120     FAILED TO ALLOCATE
.text.1    0    00000000    00006c18     FAILED TO ALLOCATE
.ebss.1    0    00000000    00019f21     FAILED TO ALLOCATE
.econst    0    00000000    00002061     FAILED TO ALLOCATE
.text.2    0    003f6000    00001000     
                  003f6000    0000043e     u8x8_cad.obj (.text)
                  003f643e    0000036b     u8x8_d_st75256.obj (.text)
                  003f67a9    0000032c     u8x8_d_st7565.obj (.text)
                  003f6ad5    000002db     u8x8_8x8.obj (.text)
                  003f6db0    00000215     u8x8_d_ks0108.obj (.text)
                  003f6fc5    0000002c     main.obj (.text:retain)
                  003f6ff1    0000000f     u8x8_gpio.obj (.text)

ramfuncs   0    003f7000    00000004     RUN ADDR = 00000050
                  003f7000    00000004     f2802x_usdelay.obj (ramfuncs)

.text.3    0    003f7004    00000f7c     
                  003f7004    00000708     u8g2_font.obj (.text)
                  003f770c    000004d6     u8x8_byte.obj (.text)
                  003f7be2    00000378     u8g2_d_memory.obj (.text)
                  003f7f5a    00000026     f2802x_pievect.obj (.text)

codestart 
*          0    003f7ff6    00000002     
                  003f7ff6    00000002     f2802x_codestartbranch.obj (codestart)

.stack     1    00000400    00000200     UNINITIALIZED
                  00000400    00000200     --HOLE--

.ebss.2    1    00000600    00000200     UNINITIALIZED
                  00000600    00000160     rts2800_ml.lib : defs.obj (.ebss)
                  00000760    00000020     u8x8_d_ssd1322.obj (.ebss)
                  00000780    00000080     u8x8_d_stdio.obj (.ebss)

DevEmuRegsFile 
*          1    00000880    00000004     UNINITIALIZED
                  00000880    00000004     F2802x_GlobalVariableDefs.obj (DevEmuRegsFile)

SysPwrCtrlRegsFile 
*          1    00000985    00000003     UNINITIALIZED
                  00000985    00000003     F2802x_GlobalVariableDefs.obj (SysPwrCtrlRegsFile)

FlashRegsFile 
*          1    00000a80    00000008     UNINITIALIZED
                  00000a80    00000008     F2802x_GlobalVariableDefs.obj (FlashRegsFile)

CsmRegsFile 
*          1    00000ae0    00000010     UNINITIALIZED
                  00000ae0    00000010     F2802x_GlobalVariableDefs.obj (CsmRegsFile)

AdcResultFile 
*          1    00000b00    00000020     UNINITIALIZED
                  00000b00    00000020     F2802x_GlobalVariableDefs.obj (AdcResultFile)

CpuTimer0RegsFile 
*          1    00000c00    00000008     UNINITIALIZED
                  00000c00    00000008     F2802x_GlobalVariableDefs.obj (CpuTimer0RegsFile)

CpuTimer1RegsFile 
*          1    00000c08    00000008     UNINITIALIZED
                  00000c08    00000008     F2802x_GlobalVariableDefs.obj (CpuTimer1RegsFile)

CpuTimer2RegsFile 
*          1    00000c10    00000008     UNINITIALIZED
                  00000c10    00000008     F2802x_GlobalVariableDefs.obj (CpuTimer2RegsFile)

PieCtrlRegsFile 
*          1    00000ce0    0000001a     UNINITIALIZED
                  00000ce0    0000001a     F2802x_GlobalVariableDefs.obj (PieCtrlRegsFile)

PieVectTableFile 
*          1    00000d00    00000100     UNINITIALIZED
                  00000d00    00000100     F2802x_GlobalVariableDefs.obj (PieVectTableFile)

EmuKeyVar 
*          1    00000d00    00000001     UNINITIALIZED
                  00000d00    00000001     F2802x_GlobalVariableDefs.obj (EmuKeyVar)

EmuBModeVar 
*          1    00000d01    00000001     UNINITIALIZED
                  00000d01    00000001     F2802x_GlobalVariableDefs.obj (EmuBModeVar)

FlashCallbackVar 
*          1    00000d02    00000002     UNINITIALIZED
                  00000d02    00000002     F2802x_GlobalVariableDefs.obj (FlashCallbackVar)

FlashScalingVar 
*          1    00000d04    00000002     UNINITIALIZED
                  00000d04    00000002     F2802x_GlobalVariableDefs.obj (FlashScalingVar)

Comp1RegsFile 
*          1    00006400    00000020     UNINITIALIZED
                  00006400    00000020     F2802x_GlobalVariableDefs.obj (Comp1RegsFile)

Comp2RegsFile 
*          1    00006420    00000020     UNINITIALIZED
                  00006420    00000020     F2802x_GlobalVariableDefs.obj (Comp2RegsFile)

EPwm1RegsFile 
*          1    00006800    00000040     UNINITIALIZED
                  00006800    00000040     F2802x_GlobalVariableDefs.obj (EPwm1RegsFile)

EPwm2RegsFile 
*          1    00006840    00000040     UNINITIALIZED
                  00006840    00000040     F2802x_GlobalVariableDefs.obj (EPwm2RegsFile)

EPwm3RegsFile 
*          1    00006880    00000040     UNINITIALIZED
                  00006880    00000040     F2802x_GlobalVariableDefs.obj (EPwm3RegsFile)

EPwm4RegsFile 
*          1    000068c0    00000040     UNINITIALIZED
                  000068c0    00000040     F2802x_GlobalVariableDefs.obj (EPwm4RegsFile)

ECap1RegsFile 
*          1    00006a00    00000020     UNINITIALIZED
                  00006a00    00000020     F2802x_GlobalVariableDefs.obj (ECap1RegsFile)

GpioCtrlRegsFile 
*          1    00006f80    00000040     UNINITIALIZED
                  00006f80    00000040     F2802x_GlobalVariableDefs.obj (GpioCtrlRegsFile)

GpioDataRegsFile 
*          1    00006fc0    00000020     UNINITIALIZED
                  00006fc0    00000020     F2802x_GlobalVariableDefs.obj (GpioDataRegsFile)

GpioIntRegsFile 
*          1    00006fe0    0000000a     UNINITIALIZED
                  00006fe0    0000000a     F2802x_GlobalVariableDefs.obj (GpioIntRegsFile)

SysCtrlRegsFile 
*          1    00007010    0000001f     UNINITIALIZED
                  00007010    0000001f     F2802x_GlobalVariableDefs.obj (SysCtrlRegsFile)

SpiaRegsFile 
*          1    00007040    00000010     UNINITIALIZED
                  00007040    00000010     F2802x_GlobalVariableDefs.obj (SpiaRegsFile)

SciaRegsFile 
*          1    00007050    00000010     UNINITIALIZED
                  00007050    00000010     F2802x_GlobalVariableDefs.obj (SciaRegsFile)

NmiIntruptRegsFile 
*          1    00007060    00000010     UNINITIALIZED
                  00007060    00000010     F2802x_GlobalVariableDefs.obj (NmiIntruptRegsFile)

XIntruptRegsFile 
*          1    00007070    00000010     UNINITIALIZED
                  00007070    00000010     F2802x_GlobalVariableDefs.obj (XIntruptRegsFile)

AdcRegsFile 
*          1    00007100    00000051     UNINITIALIZED
                  00007100    00000051     F2802x_GlobalVariableDefs.obj (AdcRegsFile)

I2caRegsFile 
*          1    00007900    00000022     UNINITIALIZED
                  00007900    00000022     F2802x_GlobalVariableDefs.obj (I2caRegsFile)

.esysmem   1    00008000    00000400     UNINITIALIZED
                  00008000    00000001     rts2800_ml.lib : memory.obj (.esysmem)
                  00008001    000003ff     --HOLE--

PartIdRegsFile 
*          1    003d7fff    00000001     UNINITIALIZED
                  003d7fff    00000001     F2802x_GlobalVariableDefs.obj (PartIdRegsFile)

CsmPwlFile 
*          1    003f7ff8    00000008     UNINITIALIZED
                  003f7ff8    00000008     F2802x_GlobalVariableDefs.obj (CsmPwlFile)

.pinit     0    003f7000    00000000     UNINITIALIZED

.reset     0    003fffc0    00000002     DSECT
                  003fffc0    00000002     rts2800_ml.lib : boot28.obj (.reset)

vectors    0    003fffc2    00000000     DSECT

MODULE SUMMARY

       Module                          code   initialized data   uninitialized data
       ------                          ----   ----------------   ------------------
    .\
       F2802x_GlobalVariableDefs.obj   0      0                  1052              
       main.obj                        44     0                  0                 
       f2802x_pievect.obj              38     0                  0                 
       f2802x_usdelay.obj              8      0                  0                 
       f2802x_codestartbranch.obj      2      0                  0                 
    +--+-------------------------------+------+------------------+--------------------+
       Total:                          92     0                  1052              
                                                                                   
    .\csrc\
       u8g2_font.obj                   1800   0                  0                 
       u8x8_byte.obj                   1238   0                  0                 
       u8x8_cad.obj                    1086   0                  0                 
       u8g2_d_memory.obj               888    0                  0                 
       u8x8_d_st75256.obj              875    0                  0                 
       u8x8_d_st7565.obj               812    0                  0                 
       u8x8_8x8.obj                    731    0                  0                 
       u8x8_d_ks0108.obj               533    0                  0                 
       u8x8_d_stdio.obj                0      0                  128               
       u8x8_d_ssd1322.obj              0      0                  32                
       u8x8_gpio.obj                   15     0                  0                 
    +--+-------------------------------+------+------------------+--------------------+
       Total:                          7978   0                  160               
                                                                                   
    E:/ti/ccsv7/tools/compiler/ti-cgt-c2000_16.9.3.LTS/lib/rts2800_ml.lib
       defs.obj                        0      0                  352               
    +--+-------------------------------+------+------------------+--------------------+
       Total:                          0      0                  352               
                                                                                   
       Heap:                           0      0                  1024              
       Stack:                          0      0                  512               
    +--+-------------------------------+------+------------------+--------------------+
       Grand Total:                    8070   0                  3100              


GLOBAL DATA SYMBOLS: SORTED BY DATA PAGE

address     data page           name
--------    ----------------    ----
00000000       0 (00000000)     _OledFont
00000000       0 (00000000)     __CIOBUF_

00000300       c (00000300)     _PieVectTableInit

00000400      10 (00000400)     __stack

00000600      18 (00000600)     ___TI_ft_end

00000640      19 (00000640)     __ftable

000006c0      1b (000006c0)     ___TI_tmpnams

00000780      1e (00000780)     _bitmap

00000880      22 (00000880)     _DevEmuRegs

00000985      26 (00000980)     _SysPwrCtrlRegs

00000a80      2a (00000a80)     _FlashRegs

00000ae0      2b (00000ac0)     _CsmRegs

00000b00      2c (00000b00)     _AdcResult

00000c00      30 (00000c00)     _CpuTimer0Regs
00000c08      30 (00000c00)     _CpuTimer1Regs
00000c10      30 (00000c00)     _CpuTimer2Regs

00000ce0      33 (00000cc0)     _PieCtrlRegs

00000d00      34 (00000d00)     _EmuKey
00000d00      34 (00000d00)     _PieVectTable
00000d01      34 (00000d00)     _EmuBMode
00000d02      34 (00000d00)     _Flash_CallbackPtr
00000d04      34 (00000d00)     _Flash_CPUScaleFactor

00002040      81 (00002040)     _u8g2_cb_r0

00006400     190 (00006400)     _Comp1Regs
00006420     190 (00006400)     _Comp2Regs

00006800     1a0 (00006800)     _EPwm1Regs

00006840     1a1 (00006840)     _EPwm2Regs

00006880     1a2 (00006880)     _EPwm3Regs

000068c0     1a3 (000068c0)     _EPwm4Regs

00006a00     1a8 (00006a00)     _ECap1Regs

00006f80     1be (00006f80)     _GpioCtrlRegs

00006fc0     1bf (00006fc0)     _GpioDataRegs
00006fe0     1bf (00006fc0)     _GpioIntRegs

00007010     1c0 (00007000)     _SysCtrlRegs

00007040     1c1 (00007040)     _SpiaRegs
00007050     1c1 (00007040)     _SciaRegs
00007060     1c1 (00007040)     _NmiIntruptRegs
00007070     1c1 (00007040)     _XIntruptRegs

00007100     1c4 (00007100)     _AdcRegs

00007900     1e4 (00007900)     _I2caRegs

00008000     200 (00008000)     __sys_memory

00019d00     674 (00019d00)     _u8g2

00019e08     678 (00019e00)     _u8g2_pg

00019ea0     67a (00019e80)     _CpuTimer1
00019ea8     67a (00019e80)     _CpuTimer2
00019eb0     67a (00019e80)     _CpuTimer0

00019efb     67b (00019ec0)     _Flags
00019efc     67b (00019ec0)     _RefreshOLEDCount
00019efd     67b (00019ec0)     _Vref1
00019efe     67b (00019ec0)     __lock

00019f10     67c (00019f00)     ___TI_enable_exit_profile_output
00019f12     67c (00019f00)     ___TI_cleanup_ptr
00019f14     67c (00019f00)     ___TI_dtors_ptr
00019f1c     67c (00019f00)     __unlock

003d7fff    f5ff (003d7fc0)     _PartIdRegs

003f7ff8    fdff (003f7fc0)     _CsmPwl


GLOBAL SYMBOLS: SORTED ALPHABETICALLY BY Name 

page  address   name                                      
----  -------   ----                                      
abs   ffffffff  .text                                     
0     00006aa8  C$$EXIT                                   
0     00006381  C$$IO$$                                   
0     00005e67  FD$$ADD                                   
0     00006a54  FD$$CMP                                   
0     00006578  FD$$DIV                                   
abs   003fdc5e  FD$$MPY                                   
0     00006bf7  FD$$NEG                                   
0     00006be0  FD$$SUB                                   
0     00006b1d  FD$$TOI                                   
abs   003fdf7b  FD$$TOL                                   
abs   003fdde7  FS$$MPY                                   
abs   003fdfb7  FS$$TOFD                                  
abs   003ffee5  FS$$TOL                                   
abs   003fdf55  I$$DIV                                    
abs   003fdf66  I$$MOD                                    
abs   003fdf9a  I$$TOFD                                   
0     00006a7e  L$$DIV                                    
0     00006a8d  L$$MOD                                    
0     00006b79  L$$TOFD                                   
0     00006bc8  LL$$AND                                   
0     00006b3e  LL$$CMP                                   
0     00004a4c  LL$$DIV                                   
0     00004a88  LL$$MOD                                   
0     00006bd0  LL$$OR                                    
0     00006bd8  LL$$XOR                                   
0     00006a9b  UL$$DIV                                   
0     00006aa2  UL$$MOD                                   
0     00006b50  ULL$$CMP                                  
0     00004ac2  ULL$$DIV                                  
0     00004af1  ULL$$MOD                                  
0     00004bb2  _ADCINT1_ISR                              
0     00004bb7  _ADCINT2_ISR                              
0     00004c20  _ADCINT3_ISR                              
0     00004c25  _ADCINT4_ISR                              
0     00004c2a  _ADCINT5_ISR                              
0     00004c2f  _ADCINT6_ISR                              
0     00004c34  _ADCINT7_ISR                              
0     00004c39  _ADCINT8_ISR                              
0     00004bc6  _ADCINT9_ISR                              
1     00007100  _AdcRegs                                  
1     00000b00  _AdcResult                                
1     00006400  _Comp1Regs                                
1     00006420  _Comp2Regs                                
0     000068b7  _ConfigCpuTimer                           
0     00019eb0  _CpuTimer0                                
1     00000c00  _CpuTimer0Regs                            
0     00019ea0  _CpuTimer1                                
1     00000c08  _CpuTimer1Regs                            
0     00019ea8  _CpuTimer2                                
1     00000c10  _CpuTimer2Regs                            
1     003f7ff8  _CsmPwl                                   
1     00000ae0  _CsmRegs                                  
0     0000453c  _CsmUnlock                                
0     00004b5d  _DATALOG_ISR                              
0     00000050  _DSP28x_usDelay                           
1     00000880  _DevEmuRegs                               
0     000044ad  _DisableDog                               
0     00004bfd  _ECAP1_INT_ISR                            
1     00006a00  _ECap1Regs                                
0     00004c43  _EMPTY_ISR                                
0     00004b67  _EMUINT_ISR                               
0     00004be9  _EPWM1_INT_ISR                            
0     00004bd5  _EPWM1_TZINT_ISR                          
0     00004bee  _EPWM2_INT_ISR                            
0     00004bda  _EPWM2_TZINT_ISR                          
0     00004bf3  _EPWM3_INT_ISR                            
0     00004bdf  _EPWM3_TZINT_ISR                          
0     00004bf8  _EPWM4_INT_ISR                            
0     00004be4  _EPWM4_TZINT_ISR                          
1     00006800  _EPwm1Regs                                
1     00006840  _EPwm2Regs                                
1     00006880  _EPwm3Regs                                
1     000068c0  _EPwm4Regs                                
1     00000d01  _EmuBMode                                 
1     00000d00  _EmuKey                                   
0     00006af0  _EnableInterrupts                         
0     000045ad  _ExtOscSel                                
0     00019efb  _Flags                                    
1     00000a80  _FlashRegs                                
1     00000d04  _Flash_CPUScaleFactor                     
1     00000d02  _Flash_CallbackPtr                        
1     00006f80  _GpioCtrlRegs                             
1     00006fc0  _GpioDataRegs                             
1     00006fe0  _GpioIntRegs                              
0     00003665  _HOSTclock                                
0     0000363e  _HOSTclose                                
0     00003616  _HOSTgetenv                               
0     000035ba  _HOSTlseek                                
0     00003581  _HOSTopen                                 
0     00003549  _HOSTread                                 
0     0000350a  _HOSTrename                               
0     000034d6  _HOSTtime                                 
0     00003492  _HOSTtime64                               
0     0000346d  _HOSTunlink                               
0     00003435  _HOSTwrite                                
0     00004c0c  _I2CINT1A_ISR                             
0     00004c11  _I2CINT2A_ISR                             
1     00007900  _I2caRegs                                 
0     00004b71  _ILLEGAL_ISR                              
0     00004b53  _INT13_ISR                                
0     00004b58  _INT14_ISR                                
0     00006876  _InitCpuTimers                            
0     00003723  _InitI2C                                  
0     0000450a  _InitPeripheralClocks                     
0     00006ad1  _InitPieCtrl                              
0     003f7f5a  _InitPieVectTable                         
0     000044b5  _InitPll                                  
0     00004489  _InitSysCtrl                              
0     00005f9d  _InitVar                                  
0     0000456d  _IntOsc1Sel                               
0     0000457d  _IntOsc2Sel                               
0     00004b6c  _NMI_ISR                                  
1     00007060  _NmiIntruptRegs                           
0     00000000  _OledFont                                 
0     00004c48  _PIE_RESERVED                             
1     003d7fff  _PartIdRegs                               
1     00000ce0  _PieCtrlRegs                              
1     00000d00  _PieVectTable                             
0     00000300  _PieVectTableInit                         
0     00004b62  _RTOSINT_ISR                              
abs   00000004  _RamfuncsLoadSize                         
0     003f7000  _RamfuncsLoadStart                        
0     00000050  _RamfuncsRunStart                         
0     00005fd8  _RefreshOLED                              
0     00019efc  _RefreshOLEDCount                         
0     00005fa8  _RightJustify                             
0     00004c16  _SCIRXINTA_ISR                            
0     00004c1b  _SCITXINTA_ISR                            
0     00004c02  _SPIRXINTA_ISR                            
0     00004c07  _SPITXINTA_ISR                            
1     00007050  _SciaRegs                                 
0     000044a3  _ServiceDog                               
1     00007040  _SpiaRegs                                 
1     00007010  _SysCtrlRegs                              
1     00000985  _SysPwrCtrlRegs                           
0     00004bcb  _TINT0_ISR                                
0     00004ba3  _USER10_ISR                               
0     00004ba8  _USER11_ISR                               
0     00004bad  _USER12_ISR                               
0     00004b76  _USER1_ISR                                
0     00004b7b  _USER2_ISR                                
0     00004b80  _USER3_ISR                                
0     00004b85  _USER4_ISR                                
0     00004b8a  _USER5_ISR                                
0     00004b8f  _USER6_ISR                                
0     00004b94  _USER7_ISR                                
0     00004b99  _USER8_ISR                                
0     00004b9e  _USER9_ISR                                
0     00019efd  _Vref1                                    
0     00004bd0  _WAKEINT_ISR                              
0     00004bbc  _XINT1_ISR                                
0     00004bc1  _XINT2_ISR                                
0     00004c3e  _XINT3_ISR                                
1     00007070  _XIntruptRegs                             
0     00004591  _XtalOscSel                               
0     00000000  __CIOBUF_                                 
1     00000600  __STACK_END                               
abs   00000200  __STACK_SIZE                              
abs   00000400  __SYSMEM_SIZE                             
0     00019f12  ___TI_cleanup_ptr                         
0     00019f14  ___TI_dtors_ptr                           
0     00019f10  ___TI_enable_exit_profile_output          
1     00000600  ___TI_ft_end                              
abs   ffffffff  ___TI_pprof_out_hndl                      
abs   ffffffff  ___TI_prof_data_size                      
abs   ffffffff  ___TI_prof_data_start                     
0     00006386  ___TI_readmsg                             
1     000006c0  ___TI_tmpnams                             
0     0000632e  ___TI_writemsg                            
abs   ffffffff  ___binit__                                
abs   ffffffff  ___c_args__                               
0     00000000  ___cinit__                                
0     0000370f  ___delay_ms                               
abs   ffffffff  ___etext__                                
abs   ffffffff  ___pinit__                                
abs   ffffffff  ___text__                                 
0     00006baf  __args_main                               
1     00000640  __ftable                                  
0     00019efe  __lock                                    
0     00006bf6  __nop                                     
0     00006bf2  __register_lock                           
0     00006bee  __register_unlock                         
1     00000400  __stack                                   
1     00008000  __sys_memory                              
0     00006c17  __system_post_cinit                       
0     00006c15  __system_pre_init                         
0     00019f1c  __unlock                                  
0     00006aa8  _abort                                    
1     00000780  _bitmap                                   
0     000069ba  _c_int00                                  
0     00006af9  _copy_in                                  
0     003f6fc5  _cpu_timer0_isr                           
abs   000007fc  _errno                                    
0     00006aaa  _exit                                     
0     000059a7  _get_delay_in_milliseconds                
0     00003798  _i2c_Reset                                
0     00003773  _i2c_Xfer                                 
0     00005fd9  _main                                     
0     00006b5c  _memcpy                                   
0     00006b95  _memmove                                  
0     00003881  _oledClear                                
0     00003799  _oledCommand                              
0     000037bb  _oledData                                 
0     000037a9  _oledDisplayOffset                        
0     000037cb  _oledGotoYX                               
0     0000389b  _oledInit                                 
0     00003875  _oledPrint                                
0     000037e0  _oledPutChar                              
0     00003840  _oledPutDec                               
0     00003806  _oledPutHexa                              
0     00004c4d  _rsvd_ISR                                 
0     00006c10  _strcpy                                   
0     00006c08  _strlen                                   
0     00019d00  _u8g2                                     
0     003f748f  _u8g2_DrawExtUTF8                         
0     003f743c  _u8g2_DrawExtendedUTF8                    
0     003f739e  _u8g2_DrawGlyph                           
0     00004687  _u8g2_DrawHLine                           
0     00004672  _u8g2_DrawHVLine                          
0     000046bd  _u8g2_DrawPixel                           
0     003f741a  _u8g2_DrawStr                             
0     003f742b  _u8g2_DrawUTF8                            
0     000046a2  _u8g2_DrawVLine                           
0     003f76e8  _u8g2_GetExactStrWidth                    
0     003f70f1  _u8g2_GetFontBBXHeight                    
0     003f70f9  _u8g2_GetFontBBXOffX                      
0     003f7101  _u8g2_GetFontBBXOffY                      
0     003f70e9  _u8g2_GetFontBBXWidth                     
0     003f7109  _u8g2_GetFontCapitalAHeight               
0     003f70c4  _u8g2_GetFontSize                         
0     003f7364  _u8g2_GetGlyphWidth                       
0     000068e9  _u8g2_GetKerning                          
0     00006931  _u8g2_GetKerningByTable                   
0     003f76db  _u8g2_GetStrWidth                         
0     003f7662  _u8g2_GetStrX                             
0     003f76f5  _u8g2_GetUTF8Width                        
0     003f7358  _u8g2_IsGlyph                             
0     00006a2f  _u8g2_IsIntersection                      
0     0000393f  _u8g2_SetDisplayRotation                  
0     000046e2  _u8g2_SetDrawColor                        
0     003f75d8  _u8g2_SetFont                             
0     003f7702  _u8g2_SetFontDirection                    
0     003f7394  _u8g2_SetFontMode                         
0     003f7583  _u8g2_SetFontPosBaseline                  
0     003f7595  _u8g2_SetFontPosBottom                    
0     003f75ce  _u8g2_SetFontPosCenter                    
0     003f75aa  _u8g2_SetFontPosTop                       
0     003f7572  _u8g2_SetFontRefHeightAll                 
0     003f7566  _u8g2_SetFontRefHeightExtendedText        
0     003f755b  _u8g2_SetFontRefHeightText                
0     000038fc  _u8g2_SetupBuffer                         
0     000033d2  _u8g2_Setup_a2printer_384x240_1           
0     000033f3  _u8g2_Setup_a2printer_384x240_2           
0     00003414  _u8g2_Setup_a2printer_384x240_f           
0     00001986  _u8g2_Setup_hx1230_96x68_1                
0     000019a7  _u8g2_Setup_hx1230_96x68_2                
0     000019c8  _u8g2_Setup_hx1230_96x68_f                
0     00003180  _u8g2_Setup_il3820_296x128_1              
0     000031c2  _u8g2_Setup_il3820_296x128_2              
0     00003204  _u8g2_Setup_il3820_296x128_f              
0     000031a1  _u8g2_Setup_il3820_v2_296x128_1           
0     000031e3  _u8g2_Setup_il3820_v2_296x128_2           
0     00003225  _u8g2_Setup_il3820_v2_296x128_f           
0     00002aed  _u8g2_Setup_ist3020_erc19264_1            
0     00002b0e  _u8g2_Setup_ist3020_erc19264_2            
0     00002b2f  _u8g2_Setup_ist3020_erc19264_f            
0     00002c16  _u8g2_Setup_ks0108_128x64_1               
0     00002c37  _u8g2_Setup_ks0108_128x64_2               
0     00002c58  _u8g2_Setup_ks0108_128x64_f               
0     00002c79  _u8g2_Setup_ks0108_erm19264_1             
0     00002c9a  _u8g2_Setup_ks0108_erm19264_2             
0     00002cbb  _u8g2_Setup_ks0108_erm19264_f             
0     00002d3f  _u8g2_Setup_lc7981_160x160_1              
0     00002d60  _u8g2_Setup_lc7981_160x160_2              
0     00002d81  _u8g2_Setup_lc7981_160x160_f              
0     00002cdc  _u8g2_Setup_lc7981_160x80_1               
0     00002cfd  _u8g2_Setup_lc7981_160x80_2               
0     00002d1e  _u8g2_Setup_lc7981_160x80_f               
0     00002da2  _u8g2_Setup_lc7981_240x128_1              
0     00002dc3  _u8g2_Setup_lc7981_240x128_2              
0     00002de4  _u8g2_Setup_lc7981_240x128_f              
0     0000147f  _u8g2_Setup_ld7032_60x32_1                
0     000014a0  _u8g2_Setup_ld7032_60x32_2                
0     000014c1  _u8g2_Setup_ld7032_60x32_f                
0     000014e2  _u8g2_Setup_ld7032_i2c_60x32_1            
0     00001503  _u8g2_Setup_ld7032_i2c_60x32_2            
0     00001524  _u8g2_Setup_ld7032_i2c_60x32_f            
0     00001797  _u8g2_Setup_ls013b7dh03_128x128_1         
0     000017b8  _u8g2_Setup_ls013b7dh03_128x128_2         
0     000017d9  _u8g2_Setup_ls013b7dh03_128x128_f         
0     0000336f  _u8g2_Setup_max7219_32x8_1                
0     00003390  _u8g2_Setup_max7219_32x8_2                
0     000033b1  _u8g2_Setup_max7219_32x8_f                
0     00002a8a  _u8g2_Setup_nt7534_tg12864r_1             
0     00002aab  _u8g2_Setup_nt7534_tg12864r_2             
0     00002acc  _u8g2_Setup_nt7534_tg12864r_f             
0     00003b38  _u8g2_Setup_null                          
0     000018c0  _u8g2_Setup_pcd8544_84x48_1               
0     000018e1  _u8g2_Setup_pcd8544_84x48_2               
0     00001902  _u8g2_Setup_pcd8544_84x48_f               
0     00001923  _u8g2_Setup_pcf8812_96x65_1               
0     00001944  _u8g2_Setup_pcf8812_96x65_2               
0     00001965  _u8g2_Setup_pcf8812_96x65_f               
0     0000330c  _u8g2_Setup_ra8835_320x240_1              
0     0000332d  _u8g2_Setup_ra8835_320x240_2              
0     0000334e  _u8g2_Setup_ra8835_320x240_f              
0     000032a9  _u8g2_Setup_ra8835_nhd_240x128_1          
0     000032ca  _u8g2_Setup_ra8835_nhd_240x128_2          
0     000032eb  _u8g2_Setup_ra8835_nhd_240x128_f          
0     00002b50  _u8g2_Setup_sbn1661_122x32_1              
0     00002b71  _u8g2_Setup_sbn1661_122x32_2              
0     00002b92  _u8g2_Setup_sbn1661_122x32_f              
0     00003246  _u8g2_Setup_sed1330_240x128_1             
0     00003267  _u8g2_Setup_sed1330_240x128_2             
0     00003288  _u8g2_Setup_sed1330_240x128_f             
0     00002bb3  _u8g2_Setup_sed1520_122x32_1              
0     00002bd4  _u8g2_Setup_sed1520_122x32_2              
0     00002bf5  _u8g2_Setup_sed1520_122x32_f              
0     000003de  _u8g2_Setup_sh1106_128x64_noname_1        
0     00000441  _u8g2_Setup_sh1106_128x64_noname_2        
0     000004a4  _u8g2_Setup_sh1106_128x64_noname_f        
0     000003ff  _u8g2_Setup_sh1106_128x64_vcomh0_1        
0     00000462  _u8g2_Setup_sh1106_128x64_vcomh0_2        
0     000004c5  _u8g2_Setup_sh1106_128x64_vcomh0_f        
0     00000420  _u8g2_Setup_sh1106_128x64_winstar_1       
0     00000483  _u8g2_Setup_sh1106_128x64_winstar_2       
0     000004e6  _u8g2_Setup_sh1106_128x64_winstar_f       
0     000006f6  _u8g2_Setup_sh1106_64x32_1                
0     00000717  _u8g2_Setup_sh1106_64x32_2                
0     00000738  _u8g2_Setup_sh1106_64x32_f                
0     00000630  _u8g2_Setup_sh1106_72x40_wise_1           
0     00000651  _u8g2_Setup_sh1106_72x40_wise_2           
0     00000672  _u8g2_Setup_sh1106_72x40_wise_f           
0     00000507  _u8g2_Setup_sh1106_i2c_128x64_noname_1    
0     0000056a  _u8g2_Setup_sh1106_i2c_128x64_noname_2    
0     000005cd  _u8g2_Setup_sh1106_i2c_128x64_noname_f    
0     00000528  _u8g2_Setup_sh1106_i2c_128x64_vcomh0_1    
0     0000058b  _u8g2_Setup_sh1106_i2c_128x64_vcomh0_2    
0     000005ee  _u8g2_Setup_sh1106_i2c_128x64_vcomh0_f    
0     00000549  _u8g2_Setup_sh1106_i2c_128x64_winstar_1   
0     000005ac  _u8g2_Setup_sh1106_i2c_128x64_winstar_2   
0     0000060f  _u8g2_Setup_sh1106_i2c_128x64_winstar_f   
0     00000759  _u8g2_Setup_sh1106_i2c_64x32_1            
0     0000077a  _u8g2_Setup_sh1106_i2c_64x32_2            
0     0000079b  _u8g2_Setup_sh1106_i2c_64x32_f            
0     00000693  _u8g2_Setup_sh1106_i2c_72x40_wise_1       
0     000006b4  _u8g2_Setup_sh1106_i2c_72x40_wise_2       
0     000006d5  _u8g2_Setup_sh1106_i2c_72x40_wise_f       
0     00000948  _u8g2_Setup_sh1107_128x128_1              
0     00000969  _u8g2_Setup_sh1107_128x128_2              
0     0000098a  _u8g2_Setup_sh1107_128x128_f              
0     000007bc  _u8g2_Setup_sh1107_64x128_1               
0     000007dd  _u8g2_Setup_sh1107_64x128_2               
0     000007fe  _u8g2_Setup_sh1107_64x128_f               
0     000009ab  _u8g2_Setup_sh1107_i2c_128x128_1          
0     000009cc  _u8g2_Setup_sh1107_i2c_128x128_2          
0     000009ed  _u8g2_Setup_sh1107_i2c_128x128_f          
0     0000081f  _u8g2_Setup_sh1107_i2c_64x128_1           
0     00000840  _u8g2_Setup_sh1107_i2c_64x128_2           
0     00000861  _u8g2_Setup_sh1107_i2c_64x128_f           
0     000008e5  _u8g2_Setup_sh1107_i2c_seeed_96x96_1      
0     00000906  _u8g2_Setup_sh1107_i2c_seeed_96x96_2      
0     00000927  _u8g2_Setup_sh1107_i2c_seeed_96x96_f      
0     00000882  _u8g2_Setup_sh1107_seeed_96x96_1          
0     000008a3  _u8g2_Setup_sh1107_seeed_96x96_2          
0     000008c4  _u8g2_Setup_sh1107_seeed_96x96_f          
0     00000a0e  _u8g2_Setup_sh1122_256x64_1               
0     00000a2f  _u8g2_Setup_sh1122_256x64_2               
0     00000a50  _u8g2_Setup_sh1122_256x64_f               
0     00000a71  _u8g2_Setup_sh1122_i2c_256x64_1           
0     00000a92  _u8g2_Setup_sh1122_i2c_256x64_2           
0     00000ab3  _u8g2_Setup_sh1122_i2c_256x64_f           
0     00000000  _u8g2_Setup_ssd1305_128x32_noname_1       
0     00000021  _u8g2_Setup_ssd1305_128x32_noname_2       
0     00000042  _u8g2_Setup_ssd1305_128x32_noname_f       
0     000000c6  _u8g2_Setup_ssd1305_128x64_adafruit_1     
0     000000e7  _u8g2_Setup_ssd1305_128x64_adafruit_2     
0     00000108  _u8g2_Setup_ssd1305_128x64_adafruit_f     
0     00000063  _u8g2_Setup_ssd1305_i2c_128x32_noname_1   
0     00000084  _u8g2_Setup_ssd1305_i2c_128x32_noname_2   
0     000000a5  _u8g2_Setup_ssd1305_i2c_128x32_noname_f   
0     00000129  _u8g2_Setup_ssd1305_i2c_128x64_adafruit_1 
0     0000014a  _u8g2_Setup_ssd1305_i2c_128x64_adafruit_2 
0     0000016b  _u8g2_Setup_ssd1305_i2c_128x64_adafruit_f 
0     00000ad4  _u8g2_Setup_ssd1306_128x32_univision_1    
0     00000af5  _u8g2_Setup_ssd1306_128x32_univision_2    
0     00000b16  _u8g2_Setup_ssd1306_128x32_univision_f    
0     000001ce  _u8g2_Setup_ssd1306_128x64_alt0_1         
0     00000231  _u8g2_Setup_ssd1306_128x64_alt0_2         
0     00000294  _u8g2_Setup_ssd1306_128x64_alt0_f         
0     0000018c  _u8g2_Setup_ssd1306_128x64_noname_1       
0     000001ef  _u8g2_Setup_ssd1306_128x64_noname_2       
0     00000252  _u8g2_Setup_ssd1306_128x64_noname_f       
0     000001ad  _u8g2_Setup_ssd1306_128x64_vcomh0_1       
0     00000210  _u8g2_Setup_ssd1306_128x64_vcomh0_2       
0     00000273  _u8g2_Setup_ssd1306_128x64_vcomh0_f       
0     00000c60  _u8g2_Setup_ssd1306_48x64_winstar_1       
0     00000c81  _u8g2_Setup_ssd1306_48x64_winstar_2       
0     00000ca2  _u8g2_Setup_ssd1306_48x64_winstar_f       
0     00000d47  _u8g2_Setup_ssd1306_64x32_1f_1            
0     00000d89  _u8g2_Setup_ssd1306_64x32_1f_2            
0     00000dcb  _u8g2_Setup_ssd1306_64x32_1f_f            
0     00000d26  _u8g2_Setup_ssd1306_64x32_noname_1        
0     00000d68  _u8g2_Setup_ssd1306_64x32_noname_2        
0     00000daa  _u8g2_Setup_ssd1306_64x32_noname_f        
0     00000b9a  _u8g2_Setup_ssd1306_64x48_er_1            
0     00000bbb  _u8g2_Setup_ssd1306_64x48_er_2            
0     00000bdc  _u8g2_Setup_ssd1306_64x48_er_f            
0     00000eb2  _u8g2_Setup_ssd1306_96x16_er_1            
0     00000ed3  _u8g2_Setup_ssd1306_96x16_er_2            
0     00000ef4  _u8g2_Setup_ssd1306_96x16_er_f            
0     00000b37  _u8g2_Setup_ssd1306_i2c_128x32_univision_1
0     00000b58  _u8g2_Setup_ssd1306_i2c_128x32_univision_2
0     00000b79  _u8g2_Setup_ssd1306_i2c_128x32_univision_f
0     000002f7  _u8g2_Setup_ssd1306_i2c_128x64_alt0_1     
0     0000035a  _u8g2_Setup_ssd1306_i2c_128x64_alt0_2     
0     000003bd  _u8g2_Setup_ssd1306_i2c_128x64_alt0_f     
0     000002b5  _u8g2_Setup_ssd1306_i2c_128x64_noname_1   
0     00000318  _u8g2_Setup_ssd1306_i2c_128x64_noname_2   
0     0000037b  _u8g2_Setup_ssd1306_i2c_128x64_noname_f   
0     000002d6  _u8g2_Setup_ssd1306_i2c_128x64_vcomh0_1   
0     00000339  _u8g2_Setup_ssd1306_i2c_128x64_vcomh0_2   
0     0000039c  _u8g2_Setup_ssd1306_i2c_128x64_vcomh0_f   
0     00000cc3  _u8g2_Setup_ssd1306_i2c_48x64_winstar_1   
0     00000ce4  _u8g2_Setup_ssd1306_i2c_48x64_winstar_2   
0     00000d05  _u8g2_Setup_ssd1306_i2c_48x64_winstar_f   
0     00000e0d  _u8g2_Setup_ssd1306_i2c_64x32_1f_1        
0     00000e4f  _u8g2_Setup_ssd1306_i2c_64x32_1f_2        
0     00000e91  _u8g2_Setup_ssd1306_i2c_64x32_1f_f        
0     00000dec  _u8g2_Setup_ssd1306_i2c_64x32_noname_1    
0     00000e2e  _u8g2_Setup_ssd1306_i2c_64x32_noname_2    
0     00000e70  _u8g2_Setup_ssd1306_i2c_64x32_noname_f    
0     00000bfd  _u8g2_Setup_ssd1306_i2c_64x48_er_1        
0     00000c1e  _u8g2_Setup_ssd1306_i2c_64x48_er_2        
0     00000c3f  _u8g2_Setup_ssd1306_i2c_64x48_er_f        
0     00000f15  _u8g2_Setup_ssd1306_i2c_96x16_er_1        
0     00000f36  _u8g2_Setup_ssd1306_i2c_96x16_er_2        
0     00000f57  _u8g2_Setup_ssd1306_i2c_96x16_er_f        
0     0000103e  _u8g2_Setup_ssd1309_128x64_noname0_1      
0     0000105f  _u8g2_Setup_ssd1309_128x64_noname0_2      
0     00001080  _u8g2_Setup_ssd1309_128x64_noname0_f      
0     00000f78  _u8g2_Setup_ssd1309_128x64_noname2_1      
0     00000f99  _u8g2_Setup_ssd1309_128x64_noname2_2      
0     00000fba  _u8g2_Setup_ssd1309_128x64_noname2_f      
0     000010a1  _u8g2_Setup_ssd1309_i2c_128x64_noname0_1  
0     000010c2  _u8g2_Setup_ssd1309_i2c_128x64_noname0_2  
0     000010e3  _u8g2_Setup_ssd1309_i2c_128x64_noname0_f  
0     00000fdb  _u8g2_Setup_ssd1309_i2c_128x64_noname2_1  
0     00000ffc  _u8g2_Setup_ssd1309_i2c_128x64_noname2_2  
0     0000101d  _u8g2_Setup_ssd1309_i2c_128x64_noname2_f  
0     00002ff4  _u8g2_Setup_ssd1322_nhd_128x64_1          
0     00003015  _u8g2_Setup_ssd1322_nhd_128x64_2          
0     00003036  _u8g2_Setup_ssd1322_nhd_128x64_f          
0     00002f91  _u8g2_Setup_ssd1322_nhd_256x64_1          
0     00002fb2  _u8g2_Setup_ssd1322_nhd_256x64_2          
0     00002fd3  _u8g2_Setup_ssd1322_nhd_256x64_f          
0     00001167  _u8g2_Setup_ssd1325_i2c_nhd_128x64_1      
0     00001188  _u8g2_Setup_ssd1325_i2c_nhd_128x64_2      
0     000011a9  _u8g2_Setup_ssd1325_i2c_nhd_128x64_f      
0     00001104  _u8g2_Setup_ssd1325_nhd_128x64_1          
0     00001125  _u8g2_Setup_ssd1325_nhd_128x64_2          
0     00001146  _u8g2_Setup_ssd1325_nhd_128x64_f          
0     000011ca  _u8g2_Setup_ssd1326_er_256x32_1           
0     000011eb  _u8g2_Setup_ssd1326_er_256x32_2           
0     0000120c  _u8g2_Setup_ssd1326_er_256x32_f           
0     0000122d  _u8g2_Setup_ssd1326_i2c_er_256x32_1       
0     0000124e  _u8g2_Setup_ssd1326_i2c_er_256x32_2       
0     0000126f  _u8g2_Setup_ssd1326_i2c_er_256x32_f       
0     000013b9  _u8g2_Setup_ssd1327_i2c_midas_128x128_1   
0     000013da  _u8g2_Setup_ssd1327_i2c_midas_128x128_2   
0     000013fb  _u8g2_Setup_ssd1327_i2c_midas_128x128_f   
0     000012f3  _u8g2_Setup_ssd1327_i2c_seeed_96x96_1     
0     00001314  _u8g2_Setup_ssd1327_i2c_seeed_96x96_2     
0     00001335  _u8g2_Setup_ssd1327_i2c_seeed_96x96_f     
0     00001356  _u8g2_Setup_ssd1327_midas_128x128_1       
0     00001377  _u8g2_Setup_ssd1327_midas_128x128_2       
0     00001398  _u8g2_Setup_ssd1327_midas_128x128_f       
0     00001290  _u8g2_Setup_ssd1327_seeed_96x96_1         
0     000012b1  _u8g2_Setup_ssd1327_seeed_96x96_2         
0     000012d2  _u8g2_Setup_ssd1327_seeed_96x96_f         
0     0000141c  _u8g2_Setup_ssd1329_128x96_noname_1       
0     0000143d  _u8g2_Setup_ssd1329_128x96_noname_2       
0     0000145e  _u8g2_Setup_ssd1329_128x96_noname_f       
0     00003057  _u8g2_Setup_ssd1606_172x72_1              
0     00003078  _u8g2_Setup_ssd1606_172x72_2              
0     00003099  _u8g2_Setup_ssd1606_172x72_f              
0     000030ba  _u8g2_Setup_ssd1607_200x200_1             
0     000030fc  _u8g2_Setup_ssd1607_200x200_2             
0     0000313e  _u8g2_Setup_ssd1607_200x200_f             
0     000030db  _u8g2_Setup_ssd1607_gd_200x200_1          
0     0000311d  _u8g2_Setup_ssd1607_gd_200x200_2          
0     0000315f  _u8g2_Setup_ssd1607_gd_200x200_f          
0     00002a27  _u8g2_Setup_st75256_i2c_jlx172104_1       
0     00002a48  _u8g2_Setup_st75256_i2c_jlx172104_2       
0     00002a69  _u8g2_Setup_st75256_i2c_jlx172104_f       
0     0000289b  _u8g2_Setup_st75256_i2c_jlx240160_1       
0     000028bc  _u8g2_Setup_st75256_i2c_jlx240160_2       
0     000028dd  _u8g2_Setup_st75256_i2c_jlx240160_f       
0     0000270f  _u8g2_Setup_st75256_i2c_jlx256128_1       
0     00002730  _u8g2_Setup_st75256_i2c_jlx256128_2       
0     00002751  _u8g2_Setup_st75256_i2c_jlx256128_f       
0     000027d5  _u8g2_Setup_st75256_i2c_jlx256160_1       
0     000027f6  _u8g2_Setup_st75256_i2c_jlx256160_2       
0     00002817  _u8g2_Setup_st75256_i2c_jlx256160_f       
0     00002961  _u8g2_Setup_st75256_i2c_jlx25664_1        
0     00002982  _u8g2_Setup_st75256_i2c_jlx25664_2        
0     000029a3  _u8g2_Setup_st75256_i2c_jlx25664_f        
0     000029c4  _u8g2_Setup_st75256_jlx172104_1           
0     000029e5  _u8g2_Setup_st75256_jlx172104_2           
0     00002a06  _u8g2_Setup_st75256_jlx172104_f           
0     00002838  _u8g2_Setup_st75256_jlx240160_1           
0     00002859  _u8g2_Setup_st75256_jlx240160_2           
0     0000287a  _u8g2_Setup_st75256_jlx240160_f           
0     000026ac  _u8g2_Setup_st75256_jlx256128_1           
0     000026cd  _u8g2_Setup_st75256_jlx256128_2           
0     000026ee  _u8g2_Setup_st75256_jlx256128_f           
0     00002772  _u8g2_Setup_st75256_jlx256160_1           
0     00002793  _u8g2_Setup_st75256_jlx256160_2           
0     000027b4  _u8g2_Setup_st75256_jlx256160_f           
0     000028fe  _u8g2_Setup_st75256_jlx25664_1            
0     0000291f  _u8g2_Setup_st75256_jlx25664_2            
0     00002940  _u8g2_Setup_st75256_jlx25664_f            
0     0000209d  _u8g2_Setup_st7565_64128n_1               
0     000021a5  _u8g2_Setup_st7565_64128n_2               
0     000022ad  _u8g2_Setup_st7565_64128n_f               
0     0000207c  _u8g2_Setup_st7565_ea_dogm128_1           
0     00002184  _u8g2_Setup_st7565_ea_dogm128_2           
0     0000228c  _u8g2_Setup_st7565_ea_dogm128_f           
0     000024bd  _u8g2_Setup_st7565_ea_dogm132_1           
0     000024de  _u8g2_Setup_st7565_ea_dogm132_2           
0     000024ff  _u8g2_Setup_st7565_ea_dogm132_f           
0     00002121  _u8g2_Setup_st7565_erc12864_1             
0     00002229  _u8g2_Setup_st7565_erc12864_2             
0     00002331  _u8g2_Setup_st7565_erc12864_f             
0     00002163  _u8g2_Setup_st7565_jlx12864_1             
0     0000226b  _u8g2_Setup_st7565_jlx12864_2             
0     00002373  _u8g2_Setup_st7565_jlx12864_f             
0     000020df  _u8g2_Setup_st7565_lm6059_1               
0     000021e7  _u8g2_Setup_st7565_lm6059_2               
0     000022ef  _u8g2_Setup_st7565_lm6059_f               
0     00002100  _u8g2_Setup_st7565_lx12864_1              
0     00002208  _u8g2_Setup_st7565_lx12864_2              
0     00002310  _u8g2_Setup_st7565_lx12864_f              
0     00002394  _u8g2_Setup_st7565_nhd_c12832_1           
0     000023b5  _u8g2_Setup_st7565_nhd_c12832_2           
0     000023d6  _u8g2_Setup_st7565_nhd_c12832_f           
0     00002142  _u8g2_Setup_st7565_nhd_c12864_1           
0     0000224a  _u8g2_Setup_st7565_nhd_c12864_2           
0     00002352  _u8g2_Setup_st7565_nhd_c12864_f           
0     000020be  _u8g2_Setup_st7565_zolen_128x64_1         
0     000021c6  _u8g2_Setup_st7565_zolen_128x64_2         
0     000022ce  _u8g2_Setup_st7565_zolen_128x64_f         
0     00002583  _u8g2_Setup_st7567_jlx12864_1             
0     000025a4  _u8g2_Setup_st7567_jlx12864_2             
0     000025c5  _u8g2_Setup_st7567_jlx12864_f             
0     00002520  _u8g2_Setup_st7567_pi_132x64_1            
0     00002541  _u8g2_Setup_st7567_pi_132x64_2            
0     00002562  _u8g2_Setup_st7567_pi_132x64_f            
0     00002649  _u8g2_Setup_st7588_i2c_jlx12864_1         
0     0000266a  _u8g2_Setup_st7588_i2c_jlx12864_2         
0     0000268b  _u8g2_Setup_st7588_i2c_jlx12864_f         
0     000025e6  _u8g2_Setup_st7588_jlx12864_1             
0     00002607  _u8g2_Setup_st7588_jlx12864_2             
0     00002628  _u8g2_Setup_st7588_jlx12864_f             
0     000016d1  _u8g2_Setup_st7920_128x64_1               
0     000016f2  _u8g2_Setup_st7920_128x64_2               
0     00001713  _u8g2_Setup_st7920_128x64_f               
0     000015a8  _u8g2_Setup_st7920_192x32_1               
0     000015c9  _u8g2_Setup_st7920_192x32_2               
0     000015ea  _u8g2_Setup_st7920_192x32_f               
0     0000166e  _u8g2_Setup_st7920_p_128x64_1             
0     0000168f  _u8g2_Setup_st7920_p_128x64_2             
0     000016b0  _u8g2_Setup_st7920_p_128x64_f             
0     00001545  _u8g2_Setup_st7920_p_192x32_1             
0     00001566  _u8g2_Setup_st7920_p_192x32_2             
0     00001587  _u8g2_Setup_st7920_p_192x32_f             
0     00001734  _u8g2_Setup_st7920_s_128x64_1             
0     00001755  _u8g2_Setup_st7920_s_128x64_2             
0     00001776  _u8g2_Setup_st7920_s_128x64_f             
0     0000160b  _u8g2_Setup_st7920_s_192x32_1             
0     0000162c  _u8g2_Setup_st7920_s_192x32_2             
0     0000164d  _u8g2_Setup_st7920_s_192x32_f             
0     00002f2e  _u8g2_Setup_t6963_128x64_1                
0     00002f4f  _u8g2_Setup_t6963_128x64_2                
0     00002f70  _u8g2_Setup_t6963_128x64_f                
0     00002e05  _u8g2_Setup_t6963_240x128_1               
0     00002e26  _u8g2_Setup_t6963_240x128_2               
0     00002e47  _u8g2_Setup_t6963_240x128_f               
0     00002e68  _u8g2_Setup_t6963_240x64_1                
0     00002e89  _u8g2_Setup_t6963_240x64_2                
0     00002eaa  _u8g2_Setup_t6963_240x64_f                
0     00002ecb  _u8g2_Setup_t6963_256x64_1                
0     00002eec  _u8g2_Setup_t6963_256x64_2                
0     00002f0d  _u8g2_Setup_t6963_256x64_f                
0     000023f7  _u8g2_Setup_uc1601_128x32_1               
0     00002418  _u8g2_Setup_uc1601_128x32_2               
0     00002439  _u8g2_Setup_uc1601_128x32_f               
0     0000245a  _u8g2_Setup_uc1601_i2c_128x32_1           
0     0000247b  _u8g2_Setup_uc1601_i2c_128x32_2           
0     0000249c  _u8g2_Setup_uc1601_i2c_128x32_f           
0     00001a4c  _u8g2_Setup_uc1604_i2c_jlx19264_1         
0     00001a6d  _u8g2_Setup_uc1604_i2c_jlx19264_2         
0     00001a8e  _u8g2_Setup_uc1604_i2c_jlx19264_f         
0     000019e9  _u8g2_Setup_uc1604_jlx19264_1             
0     00001a0a  _u8g2_Setup_uc1604_jlx19264_2             
0     00001a2b  _u8g2_Setup_uc1604_jlx19264_f             
0     00001c3b  _u8g2_Setup_uc1608_240x128_1              
0     00001c5c  _u8g2_Setup_uc1608_240x128_2              
0     00001c7d  _u8g2_Setup_uc1608_240x128_f              
0     00001b75  _u8g2_Setup_uc1608_erc240120_1            
0     00001b96  _u8g2_Setup_uc1608_erc240120_2            
0     00001bb7  _u8g2_Setup_uc1608_erc240120_f            
0     00001aaf  _u8g2_Setup_uc1608_erc24064_1             
0     00001ad0  _u8g2_Setup_uc1608_erc24064_2             
0     00001af1  _u8g2_Setup_uc1608_erc24064_f             
0     00001c9e  _u8g2_Setup_uc1608_i2c_240x128_1          
0     00001cbf  _u8g2_Setup_uc1608_i2c_240x128_2          
0     00001ce0  _u8g2_Setup_uc1608_i2c_240x128_f          
0     00001bd8  _u8g2_Setup_uc1608_i2c_erc240120_1        
0     00001bf9  _u8g2_Setup_uc1608_i2c_erc240120_2        
0     00001c1a  _u8g2_Setup_uc1608_i2c_erc240120_f        
0     00001b12  _u8g2_Setup_uc1608_i2c_erc24064_1         
0     00001b33  _u8g2_Setup_uc1608_i2c_erc24064_2         
0     00001b54  _u8g2_Setup_uc1608_i2c_erc24064_f         
0     00001d64  _u8g2_Setup_uc1610_ea_dogxl160_1          
0     00001d85  _u8g2_Setup_uc1610_ea_dogxl160_2          
0     00001da6  _u8g2_Setup_uc1610_ea_dogxl160_f          
0     00001dc7  _u8g2_Setup_uc1610_i2c_ea_dogxl160_1      
0     00001de8  _u8g2_Setup_uc1610_i2c_ea_dogxl160_2      
0     00001e09  _u8g2_Setup_uc1610_i2c_ea_dogxl160_f      
0     00001e2a  _u8g2_Setup_uc1611_ea_dogm240_1           
0     00001e4b  _u8g2_Setup_uc1611_ea_dogm240_2           
0     00001e6c  _u8g2_Setup_uc1611_ea_dogm240_f           
0     00001ef0  _u8g2_Setup_uc1611_ea_dogxl240_1          
0     00001f11  _u8g2_Setup_uc1611_ea_dogxl240_2          
0     00001f32  _u8g2_Setup_uc1611_ea_dogxl240_f          
0     00001fb6  _u8g2_Setup_uc1611_ew50850_1              
0     00001fd7  _u8g2_Setup_uc1611_ew50850_2              
0     00001ff8  _u8g2_Setup_uc1611_ew50850_f              
0     00001e8d  _u8g2_Setup_uc1611_i2c_ea_dogm240_1       
0     00001eae  _u8g2_Setup_uc1611_i2c_ea_dogm240_2       
0     00001ecf  _u8g2_Setup_uc1611_i2c_ea_dogm240_f       
0     00001f53  _u8g2_Setup_uc1611_i2c_ea_dogxl240_1      
0     00001f74  _u8g2_Setup_uc1611_i2c_ea_dogxl240_2      
0     00001f95  _u8g2_Setup_uc1611_i2c_ea_dogxl240_f      
0     00002019  _u8g2_Setup_uc1611_i2c_ew50850_1          
0     0000203a  _u8g2_Setup_uc1611_i2c_ew50850_2          
0     0000205b  _u8g2_Setup_uc1611_i2c_ew50850_f          
0     00001d01  _u8g2_Setup_uc1638_160x128_1              
0     00001d22  _u8g2_Setup_uc1638_160x128_2              
0     00001d43  _u8g2_Setup_uc1638_160x128_f              
0     000017fa  _u8g2_Setup_uc1701_ea_dogs102_1           
0     0000181b  _u8g2_Setup_uc1701_ea_dogs102_2           
0     0000183c  _u8g2_Setup_uc1701_ea_dogs102_f           
0     0000185d  _u8g2_Setup_uc1701_mini12864_1            
0     0000187e  _u8g2_Setup_uc1701_mini12864_2            
0     0000189f  _u8g2_Setup_uc1701_mini12864_f            
0     003f74e2  _u8g2_UpdateRefHeight                     
0     00002040  _u8g2_cb_r0                               
0     00004634  _u8g2_draw_hv_line_4dir                   
0     00003ac1  _u8g2_draw_l90_mirrorr_r0                 
0     00003ab2  _u8g2_draw_l90_r0                         
0     00003add  _u8g2_draw_l90_r1                         
0     00003af8  _u8g2_draw_l90_r2                         
0     00003b1b  _u8g2_draw_l90_r3                         
0     003f758d  _u8g2_font_calc_vref_bottom               
0     003f75b4  _u8g2_font_calc_vref_center               
0     003f757e  _u8g2_font_calc_vref_font                 
0     003f759f  _u8g2_font_calc_vref_top                  
0     003f7142  _u8g2_font_decode_get_signed_bits         
0     003f7111  _u8g2_font_decode_get_unsigned_bits       
0     003f7230  _u8g2_font_decode_glyph                   
0     003f718b  _u8g2_font_decode_len                     
0     003f72ec  _u8g2_font_get_glyph_data                 
0     00006a0e  _u8g2_is_intersection_decision_tree       
0     000057b6  _u8g2_ll_hvline_horizontal_right_lsb      
0     00005743  _u8g2_ll_hvline_vertical_top_lsb          
0     003f7d4a  _u8g2_m_11_6_1                            
0     003f7d52  _u8g2_m_11_6_2                            
0     003f7d5a  _u8g2_m_11_6_f                            
0     003f7c5a  _u8g2_m_12_12_1                           
0     003f7c62  _u8g2_m_12_12_2                           
0     003f7c6a  _u8g2_m_12_12_f                           
0     003f7cd2  _u8g2_m_12_2_1                            
0     003f7cda  _u8g2_m_12_2_2                            
0     003f7ce2  _u8g2_m_12_2_f                            
0     003f7d62  _u8g2_m_12_9_1                            
0     003f7d6a  _u8g2_m_12_9_2                            
0     003f7d72  _u8g2_m_12_9_f                            
0     003f7d32  _u8g2_m_13_8_1                            
0     003f7d3a  _u8g2_m_13_8_2                            
0     003f7d42  _u8g2_m_13_8_f                            
0     003f7d02  _u8g2_m_16_12_1                           
0     003f7d0a  _u8g2_m_16_12_2                           
0     003f7d12  _u8g2_m_16_12_f                           
0     003f7c72  _u8g2_m_16_16_1                           
0     003f7c7a  _u8g2_m_16_16_2                           
0     003f7c82  _u8g2_m_16_16_f                           
0     003f7be2  _u8g2_m_16_4_1                            
0     003f7bea  _u8g2_m_16_4_2                            
0     003f7bf2  _u8g2_m_16_4_f                            
0     003f7bfa  _u8g2_m_16_8_1                            
0     003f7c02  _u8g2_m_16_8_2                            
0     003f7c0a  _u8g2_m_16_8_f                            
0     003f7e22  _u8g2_m_17_4_1                            
0     003f7e2a  _u8g2_m_17_4_2                            
0     003f7e32  _u8g2_m_17_4_f                            
0     003f7e3a  _u8g2_m_17_8_1                            
0     003f7e42  _u8g2_m_17_8_2                            
0     003f7e4a  _u8g2_m_17_8_f                            
0     003f7e9a  _u8g2_m_20_10_1                           
0     003f7ea2  _u8g2_m_20_10_2                           
0     003f7eaa  _u8g2_m_20_10_f                           
0     003f7df2  _u8g2_m_20_13_1                           
0     003f7dfa  _u8g2_m_20_13_2                           
0     003f7e02  _u8g2_m_20_13_f                           
0     003f7dda  _u8g2_m_20_16_1                           
0     003f7de2  _u8g2_m_20_16_2                           
0     003f7dea  _u8g2_m_20_16_f                           
0     003f7eb2  _u8g2_m_20_20_1                           
0     003f7eba  _u8g2_m_20_20_2                           
0     003f7ec2  _u8g2_m_20_20_f                           
0     003f7e82  _u8g2_m_22_13_1                           
0     003f7e8a  _u8g2_m_22_13_2                           
0     003f7e92  _u8g2_m_22_13_f                           
0     003f7eca  _u8g2_m_22_9_1                            
0     003f7ed2  _u8g2_m_22_9_2                            
0     003f7eda  _u8g2_m_22_9_f                            
0     003f7d1a  _u8g2_m_24_4_1                            
0     003f7d22  _u8g2_m_24_4_2                            
0     003f7d2a  _u8g2_m_24_4_f                            
0     003f7d7a  _u8g2_m_24_8_1                            
0     003f7d82  _u8g2_m_24_8_2                            
0     003f7d8a  _u8g2_m_24_8_f                            
0     003f7ee2  _u8g2_m_25_25_1                           
0     003f7eea  _u8g2_m_25_25_2                           
0     003f7ef2  _u8g2_m_25_25_f                           
0     003f7daa  _u8g2_m_30_15_1                           
0     003f7db2  _u8g2_m_30_15_2                           
0     003f7dba  _u8g2_m_30_15_f                           
0     003f7dc2  _u8g2_m_30_16_1                           
0     003f7dca  _u8g2_m_30_16_2                           
0     003f7dd2  _u8g2_m_30_16_f                           
0     003f7e0a  _u8g2_m_30_20_1                           
0     003f7e12  _u8g2_m_30_20_2                           
0     003f7e1a  _u8g2_m_30_20_f                           
0     003f7d92  _u8g2_m_30_8_1                            
0     003f7d9a  _u8g2_m_30_8_2                            
0     003f7da2  _u8g2_m_30_8_f                            
0     003f7e52  _u8g2_m_32_16_1                           
0     003f7e5a  _u8g2_m_32_16_2                           
0     003f7e62  _u8g2_m_32_16_f                           
0     003f7e6a  _u8g2_m_32_20_1                           
0     003f7e72  _u8g2_m_32_20_2                           
0     003f7e7a  _u8g2_m_32_20_f                           
0     003f7cea  _u8g2_m_32_4_1                            
0     003f7cf2  _u8g2_m_32_4_2                            
0     003f7cfa  _u8g2_m_32_4_f                            
0     003f7c8a  _u8g2_m_32_8_1                            
0     003f7c92  _u8g2_m_32_8_2                            
0     003f7c9a  _u8g2_m_32_8_f                            
0     003f7efa  _u8g2_m_37_16_1                           
0     003f7f02  _u8g2_m_37_16_2                           
0     003f7f0a  _u8g2_m_37_16_f                           
0     003f7f12  _u8g2_m_40_30_1                           
0     003f7f1a  _u8g2_m_40_30_2                           
0     003f7f22  _u8g2_m_40_30_f                           
0     003f7f42  _u8g2_m_48_30_1                           
0     003f7f4a  _u8g2_m_48_30_2                           
0     003f7f52  _u8g2_m_48_30_f                           
0     003f7f2a  _u8g2_m_4_1_1                             
0     003f7f32  _u8g2_m_4_1_2                             
0     003f7f3a  _u8g2_m_4_1_f                             
0     003f7cba  _u8g2_m_6_8_1                             
0     003f7cc2  _u8g2_m_6_8_2                             
0     003f7cca  _u8g2_m_6_8_f                             
0     003f7c42  _u8g2_m_8_16_1                            
0     003f7c4a  _u8g2_m_8_16_2                            
0     003f7c52  _u8g2_m_8_16_f                            
0     003f7c2a  _u8g2_m_8_4_1                             
0     003f7c32  _u8g2_m_8_4_2                             
0     003f7c3a  _u8g2_m_8_4_f                             
0     003f7ca2  _u8g2_m_8_6_1                             
0     003f7caa  _u8g2_m_8_6_2                             
0     003f7cb2  _u8g2_m_8_6_f                             
0     003f7c12  _u8g2_m_9_5_1                             
0     003f7c1a  _u8g2_m_9_5_2                             
0     003f7c22  _u8g2_m_9_5_f                             
0     00019e08  _u8g2_pg                                  
0     003f7023  _u8g2_read_font_info                      
0     000039d2  _u8g2_update_dimension_r0                 
0     000039f4  _u8g2_update_dimension_r1                 
0     00003a28  _u8g2_update_dimension_r2                 
0     00003a64  _u8g2_update_dimension_r3                 
0     00004d08  _u8x8_ClearDisplay                        
0     00004ce7  _u8x8_ClearDisplayWithTile                
0     00004d28  _u8x8_ClearLine                           
0     003f6bef  _u8x8_Draw1x2Glyph                        
0     003f6d6e  _u8x8_Draw1x2String                       
0     003f6d7f  _u8x8_Draw1x2UTF8                         
0     003f6b79  _u8x8_Draw2x2Glyph                        
0     003f6d22  _u8x8_Draw2x2String                       
0     003f6d33  _u8x8_Draw2x2UTF8                         
0     003f6b31  _u8x8_DrawGlyph                           
0     003f6cd5  _u8x8_DrawString                          
0     00004c99  _u8x8_DrawTile                            
0     003f6ce6  _u8x8_DrawUTF8                            
0     00004d17  _u8x8_FillDisplay                         
0     003f6d90  _u8x8_GetUTF8Len                          
0     00004cb7  _u8x8_InitDisplay                         
0     00004cde  _u8x8_RefreshDisplay                      
0     00004cd4  _u8x8_SetContrast                         
0     00004cca  _u8x8_SetFlipMode                         
0     003f6ad5  _u8x8_SetFont                             
0     00004cc0  _u8x8_SetPowerSave                        
0     000069a0  _u8x8_Setup                               
0     00006974  _u8x8_SetupDefaults                       
0     00004cae  _u8x8_SetupMemory                         
0     003f6c36  _u8x8_ascii_next                          
0     003f7912  _u8x8_byte_3wire_sw_spi                   
0     003f775d  _u8x8_byte_4wire_sw_spi                   
0     003f7800  _u8x8_byte_8bit_6800mode                  
0     003f7889  _u8x8_byte_8bit_8080mode                  
0     003f7740  _u8x8_byte_EndTransfer                    
0     003f7728  _u8x8_byte_SendByte                       
0     003f771a  _u8x8_byte_SendBytes                      
0     003f770c  _u8x8_byte_SetDC                          
0     003f7733  _u8x8_byte_StartTransfer                  
0     003f774d  _u8x8_byte_empty                          
0     000036d1  _u8x8_byte_i2c_c2000                      
0     003f79d6  _u8x8_byte_ks0108                         
0     003f7a59  _u8x8_byte_sed1520                        
0     003f79ba  _u8x8_byte_set_ks0108_cs                  
0     003f7baa  _u8x8_byte_sw_i2c                         
0     003f6128  _u8x8_cad_001                             
0     003f6160  _u8x8_cad_011                             
0     003f60f0  _u8x8_cad_100                             
0     003f60b8  _u8x8_cad_110                             
0     003f6039  _u8x8_cad_EndTransfer                     
0     003f600a  _u8x8_cad_SendArg                         
0     003f6000  _u8x8_cad_SendCmd                         
0     003f6026  _u8x8_cad_SendData                        
0     003f6014  _u8x8_cad_SendMultipleArg                 
0     003f6042  _u8x8_cad_SendSequence                    
0     003f6030  _u8x8_cad_StartTransfer                   
0     003f608c  _u8x8_cad_empty                           
0     003f6306  _u8x8_cad_ld7032_i2c                      
0     003f6250  _u8x8_cad_ssd13xx_i2c                     
0     003f62a4  _u8x8_cad_st75256_i2c                     
0     003f6198  _u8x8_cad_st7920_spi                      
0     003f6381  _u8x8_cad_uc16xx_i2c                      
0     00005a50  _u8x8_d_a2printer_384x240                 
0     000059ba  _u8x8_d_a2printer_common                  
0     00004c62  _u8x8_d_helper_display_init               
0     00004c52  _u8x8_d_helper_display_setup_memory       
0     00006865  _u8x8_d_hx1230_96x68                      
0     000049c6  _u8x8_d_il3820_296x128                    
0     00004a09  _u8x8_d_il3820_v2_296x128                 
0     000063c2  _u8x8_d_ist3020_erc19264                  
0     003f6df6  _u8x8_d_ks0108_128x64                     
0     003f6eb8  _u8x8_d_ks0108_erm19264                   
0     00005547  _u8x8_d_lc7981_160x160                    
0     00005523  _u8x8_d_lc7981_160x80                     
0     0000556b  _u8x8_d_lc7981_240x128                    
0     00005b0b  _u8x8_d_ld7032_60x32                      
0     0000668d  _u8x8_d_ls013b7dh03_128x128               
0     0000667c  _u8x8_d_max7219_32x8                      
0     003f6a49  _u8x8_d_nt7534_tg12864r                   
0     0000695f  _u8x8_d_null_cb                           
0     0000670c  _u8x8_d_pcd8544_84x48                     
0     000067f0  _u8x8_d_pcf8812_96x65                     
0     00005989  _u8x8_d_ra8835_320x240                    
0     0000596b  _u8x8_d_ra8835_nhd_240x128                
0     00005815  _u8x8_d_sbn1661_122x32                    
0     0000594d  _u8x8_d_sed1330_240x128                   
0     000058e5  _u8x8_d_sed1330_common                    
0     000058dc  _u8x8_d_sed1520_122x32                    
0     00004193  _u8x8_d_sh1106_128x64_noname              
0     000041b8  _u8x8_d_sh1106_128x64_vcomh0              
0     000041dd  _u8x8_d_sh1106_128x64_winstar             
0     000060b2  _u8x8_d_sh1106_64x32                      
0     0000614a  _u8x8_d_sh1106_72x40_wise                 
0     000051d9  _u8x8_d_sh1107_128x128                    
0     0000518f  _u8x8_d_sh1107_64x128                     
0     000051b4  _u8x8_d_sh1107_seeed_96x96                
0     00005705  _u8x8_d_sh1122_256x64                     
0     00005693  _u8x8_d_sh1122_common                     
0     00004f98  _u8x8_d_ssd1305_128x32_noname             
0     00004fdf  _u8x8_d_ssd1305_128x64_adafruit           
0     00005f8c  _u8x8_d_ssd1306_128x32_univision          
0     0000416e  _u8x8_d_ssd1306_128x64_alt0               
0     00004124  _u8x8_d_ssd1306_128x64_noname             
0     00004149  _u8x8_d_ssd1306_128x64_vcomh0             
0     000061e2  _u8x8_d_ssd1306_48x64_winstar             
0     00005bb4  _u8x8_d_ssd1306_64x32_1f                  
0     00005b98  _u8x8_d_ssd1306_64x32_noname              
0     0000627a  _u8x8_d_ssd1306_64x48_er                  
0     00006312  _u8x8_d_ssd1306_96x16_er                  
0     000052a1  _u8x8_d_ssd1309_128x64_noname0            
0     0000525a  _u8x8_d_ssd1309_128x64_noname2            
0     00003bc3  _u8x8_d_ssd1322_common                    
0     00003c7b  _u8x8_d_ssd1322_common2                   
0     00003d1c  _u8x8_d_ssd1322_nhd_128x64                
0     00003c3d  _u8x8_d_ssd1322_nhd_256x64                
0     00004806  _u8x8_d_ssd1325_nhd_128x64                
0     00004e34  _u8x8_d_ssd1326_er_256x32                 
0     00004442  _u8x8_d_ssd1327_midas_128x128             
0     000043fb  _u8x8_d_ssd1327_seeed_96x96               
0     00004929  _u8x8_d_ssd1329_128x96_noname             
0     00004f27  _u8x8_d_ssd1606_172x72                    
0     00003fd5  _u8x8_d_ssd1607_200x200                   
0     0000405f  _u8x8_d_ssd1607_gd_200x200                
0     0000401a  _u8x8_d_ssd1607_v2_200x200                
0     003f6550  _u8x8_d_st75256_jlx172104                 
0     003f6618  _u8x8_d_st75256_jlx240160                 
0     003f64c2  _u8x8_d_st75256_jlx256128                 
0     003f66e0  _u8x8_d_st75256_jlx256160                 
0     003f6509  _u8x8_d_st75256_jlx25664                  
0     003f6856  _u8x8_d_st7565_64128n                     
0     003f67a9  _u8x8_d_st7565_common                     
0     003f6810  _u8x8_d_st7565_ea_dogm128                 
0     003f6a8f  _u8x8_d_st7565_ea_dogm132                 
0     003f6a03  _u8x8_d_st7565_erc12864                   
0     003f696e  _u8x8_d_st7565_jlx12864                   
0     003f6977  _u8x8_d_st7565_lm6059                     
0     003f69bd  _u8x8_d_st7565_lx12864                    
0     003f68e2  _u8x8_d_st7565_nhd_c12832                 
0     003f6928  _u8x8_d_st7565_nhd_c12864                 
0     003f689c  _u8x8_d_st7565_zolen_128x64               
0     000042a4  _u8x8_d_st7567_jlx12864                   
0     00004202  _u8x8_d_st7567_pi_132x64                  
0     00005465  _u8x8_d_st7588_jlx12864                   
0     00006564  _u8x8_d_st7920_128x64                     
0     00006550  _u8x8_d_st7920_192x32                     
0     000064e9  _u8x8_d_st7920_common                     
0     0000564d  _u8x8_d_t6963_128x64                      
0     000055f3  _u8x8_d_t6963_240x128                     
0     00005611  _u8x8_d_t6963_240x64                      
0     0000562f  _u8x8_d_t6963_256x64                      
0     0000558f  _u8x8_d_t6963_common                      
0     00006456  _u8x8_d_uc1601_128x32                     
0     00005c7e  _u8x8_d_uc1604_common                     
0     00005cff  _u8x8_d_uc1604_jlx19264                   
0     000050cb  _u8x8_d_uc1608_240x128                    
0     00005026  _u8x8_d_uc1608_common                     
0     000050ef  _u8x8_d_uc1608_erc240120                  
0     000050a7  _u8x8_d_uc1608_erc24064                   
0     0000530f  _u8x8_d_uc1610_ea_dogxl160                
0     00003d5a  _u8x8_d_uc1611_common                     
0     00003db2  _u8x8_d_uc1611_ea_dogm240                 
0     00003e08  _u8x8_d_uc1611_ea_dogxl240                
0     00003e5e  _u8x8_d_uc1611_ew50850                    
0     00005c5a  _u8x8_d_uc1638_160x128                    
0     00005bd0  _u8x8_d_uc1638_common                     
0     00005d23  _u8x8_d_uc1701_ea_dogs102                 
0     00005dc5  _u8x8_d_uc1701_mini12864                  
0     00006957  _u8x8_dummy_cb                            
0     00003699  _u8x8_gpio_and_delay_c2000                
0     003f6ff1  _u8x8_gpio_call                           
0     003f6b48  _u8x8_upscale_byte                        
0     003f6c2e  _u8x8_utf8_init                           
0     003f6c42  _u8x8_utf8_next                           
abs   ffffffff  binit                                     
0     00000000  cinit                                     
0     003f7ff6  code_start                                
abs   ffffffff  etext                                     
abs   ffffffff  pinit                                     


GLOBAL SYMBOLS: SORTED BY Symbol Address 

page  address   name                                      
----  -------   ----                                      
0     00000000  _OledFont                                 
0     00000000  __CIOBUF_                                 
0     00000000  ___cinit__                                
0     00000000  _u8g2_Setup_ssd1305_128x32_noname_1       
0     00000000  cinit                                     
0     00000021  _u8g2_Setup_ssd1305_128x32_noname_2       
0     00000042  _u8g2_Setup_ssd1305_128x32_noname_f       
0     00000050  _DSP28x_usDelay                           
0     00000050  _RamfuncsRunStart                         
0     00000063  _u8g2_Setup_ssd1305_i2c_128x32_noname_1   
0     00000084  _u8g2_Setup_ssd1305_i2c_128x32_noname_2   
0     000000a5  _u8g2_Setup_ssd1305_i2c_128x32_noname_f   
0     000000c6  _u8g2_Setup_ssd1305_128x64_adafruit_1     
0     000000e7  _u8g2_Setup_ssd1305_128x64_adafruit_2     
0     00000108  _u8g2_Setup_ssd1305_128x64_adafruit_f     
0     00000129  _u8g2_Setup_ssd1305_i2c_128x64_adafruit_1 
0     0000014a  _u8g2_Setup_ssd1305_i2c_128x64_adafruit_2 
0     0000016b  _u8g2_Setup_ssd1305_i2c_128x64_adafruit_f 
0     0000018c  _u8g2_Setup_ssd1306_128x64_noname_1       
0     000001ad  _u8g2_Setup_ssd1306_128x64_vcomh0_1       
0     000001ce  _u8g2_Setup_ssd1306_128x64_alt0_1         
0     000001ef  _u8g2_Setup_ssd1306_128x64_noname_2       
0     00000210  _u8g2_Setup_ssd1306_128x64_vcomh0_2       
0     00000231  _u8g2_Setup_ssd1306_128x64_alt0_2         
0     00000252  _u8g2_Setup_ssd1306_128x64_noname_f       
0     00000273  _u8g2_Setup_ssd1306_128x64_vcomh0_f       
0     00000294  _u8g2_Setup_ssd1306_128x64_alt0_f         
0     000002b5  _u8g2_Setup_ssd1306_i2c_128x64_noname_1   
0     000002d6  _u8g2_Setup_ssd1306_i2c_128x64_vcomh0_1   
0     000002f7  _u8g2_Setup_ssd1306_i2c_128x64_alt0_1     
0     00000300  _PieVectTableInit                         
0     00000318  _u8g2_Setup_ssd1306_i2c_128x64_noname_2   
0     00000339  _u8g2_Setup_ssd1306_i2c_128x64_vcomh0_2   
0     0000035a  _u8g2_Setup_ssd1306_i2c_128x64_alt0_2     
0     0000037b  _u8g2_Setup_ssd1306_i2c_128x64_noname_f   
0     0000039c  _u8g2_Setup_ssd1306_i2c_128x64_vcomh0_f   
0     000003bd  _u8g2_Setup_ssd1306_i2c_128x64_alt0_f     
0     000003de  _u8g2_Setup_sh1106_128x64_noname_1        
0     000003ff  _u8g2_Setup_sh1106_128x64_vcomh0_1        
0     00000420  _u8g2_Setup_sh1106_128x64_winstar_1       
0     00000441  _u8g2_Setup_sh1106_128x64_noname_2        
0     00000462  _u8g2_Setup_sh1106_128x64_vcomh0_2        
0     00000483  _u8g2_Setup_sh1106_128x64_winstar_2       
0     000004a4  _u8g2_Setup_sh1106_128x64_noname_f        
0     000004c5  _u8g2_Setup_sh1106_128x64_vcomh0_f        
0     000004e6  _u8g2_Setup_sh1106_128x64_winstar_f       
0     00000507  _u8g2_Setup_sh1106_i2c_128x64_noname_1    
0     00000528  _u8g2_Setup_sh1106_i2c_128x64_vcomh0_1    
0     00000549  _u8g2_Setup_sh1106_i2c_128x64_winstar_1   
0     0000056a  _u8g2_Setup_sh1106_i2c_128x64_noname_2    
0     0000058b  _u8g2_Setup_sh1106_i2c_128x64_vcomh0_2    
0     000005ac  _u8g2_Setup_sh1106_i2c_128x64_winstar_2   
0     000005cd  _u8g2_Setup_sh1106_i2c_128x64_noname_f    
0     000005ee  _u8g2_Setup_sh1106_i2c_128x64_vcomh0_f    
0     0000060f  _u8g2_Setup_sh1106_i2c_128x64_winstar_f   
0     00000630  _u8g2_Setup_sh1106_72x40_wise_1           
0     00000651  _u8g2_Setup_sh1106_72x40_wise_2           
0     00000672  _u8g2_Setup_sh1106_72x40_wise_f           
0     00000693  _u8g2_Setup_sh1106_i2c_72x40_wise_1       
0     000006b4  _u8g2_Setup_sh1106_i2c_72x40_wise_2       
0     000006d5  _u8g2_Setup_sh1106_i2c_72x40_wise_f       
0     000006f6  _u8g2_Setup_sh1106_64x32_1                
0     00000717  _u8g2_Setup_sh1106_64x32_2                
0     00000738  _u8g2_Setup_sh1106_64x32_f                
0     00000759  _u8g2_Setup_sh1106_i2c_64x32_1            
0     0000077a  _u8g2_Setup_sh1106_i2c_64x32_2            
0     0000079b  _u8g2_Setup_sh1106_i2c_64x32_f            
0     000007bc  _u8g2_Setup_sh1107_64x128_1               
0     000007dd  _u8g2_Setup_sh1107_64x128_2               
0     000007fe  _u8g2_Setup_sh1107_64x128_f               
0     0000081f  _u8g2_Setup_sh1107_i2c_64x128_1           
0     00000840  _u8g2_Setup_sh1107_i2c_64x128_2           
[...]
0     00006957  _u8x8_dummy_cb                            
0     0000695f  _u8x8_d_null_cb                           
0     00006974  _u8x8_SetupDefaults                       
0     000069a0  _u8x8_Setup                               
0     000069ba  _c_int00                                  
0     00006a0e  _u8g2_is_intersection_decision_tree       
0     00006a2f  _u8g2_IsIntersection                      
0     00006a54  FD$$CMP                                   
0     00006a7e  L$$DIV                                    
0     00006a8d  L$$MOD                                    
0     00006a9b  UL$$DIV                                   
0     00006aa2  UL$$MOD                                   
0     00006aa8  C$$EXIT                                   
0     00006aa8  _abort                                    
0     00006aaa  _exit                                     
0     00006ad1  _InitPieCtrl                              
0     00006af0  _EnableInterrupts                         
0     00006af9  _copy_in                                  
0     00006b1d  FD$$TOI                                   
0     00006b3e  LL$$CMP                                   
0     00006b50  ULL$$CMP                                  
0     00006b5c  _memcpy                                   
0     00006b79  L$$TOFD                                   
0     00006b95  _memmove                                  
0     00006baf  __args_main                               
0     00006bc8  LL$$AND                                   
0     00006bd0  LL$$OR                                    
0     00006bd8  LL$$XOR                                   
0     00006be0  FD$$SUB                                   
0     00006bee  __register_unlock                         
0     00006bf2  __register_lock                           
0     00006bf6  __nop                                     
0     00006bf7  FD$$NEG                                   
0     00006c08  _strlen                                   
0     00006c10  _strcpy                                   
0     00006c15  __system_pre_init                         
0     00006c17  __system_post_cinit                       
0     00019d00  _u8g2                                     
0     00019e08  _u8g2_pg                                  
0     00019ea0  _CpuTimer1                                
0     00019ea8  _CpuTimer2                                
0     00019eb0  _CpuTimer0                                
0     00019efb  _Flags                                    
0     00019efc  _RefreshOLEDCount                         
0     00019efd  _Vref1                                    
0     00019efe  __lock                                    
0     00019f10  ___TI_enable_exit_profile_output          
0     00019f12  ___TI_cleanup_ptr                         
0     00019f14  ___TI_dtors_ptr                           
0     00019f1c  __unlock                                  
0     003f6000  _u8x8_cad_SendCmd                         
0     003f600a  _u8x8_cad_SendArg                         
0     003f6014  _u8x8_cad_SendMultipleArg                 
0     003f6026  _u8x8_cad_SendData                        
0     003f6030  _u8x8_cad_StartTransfer                   
0     003f6039  _u8x8_cad_EndTransfer                     
0     003f6042  _u8x8_cad_SendSequence                    
0     003f608c  _u8x8_cad_empty                           
0     003f60b8  _u8x8_cad_110                             
0     003f60f0  _u8x8_cad_100                             
0     003f6128  _u8x8_cad_001                             
0     003f6160  _u8x8_cad_011                             
0     003f6198  _u8x8_cad_st7920_spi                      
0     003f6250  _u8x8_cad_ssd13xx_i2c                     
0     003f62a4  _u8x8_cad_st75256_i2c                     
0     003f6306  _u8x8_cad_ld7032_i2c                      
0     003f6381  _u8x8_cad_uc16xx_i2c                      
0     003f64c2  _u8x8_d_st75256_jlx256128                 
0     003f6509  _u8x8_d_st75256_jlx25664                  
0     003f6550  _u8x8_d_st75256_jlx172104                 
0     003f6618  _u8x8_d_st75256_jlx240160                 
0     003f66e0  _u8x8_d_st75256_jlx256160                 
0     003f67a9  _u8x8_d_st7565_common                     
0     003f6810  _u8x8_d_st7565_ea_dogm128                 
0     003f6856  _u8x8_d_st7565_64128n                     
0     003f689c  _u8x8_d_st7565_zolen_128x64               
0     003f68e2  _u8x8_d_st7565_nhd_c12832                 
0     003f6928  _u8x8_d_st7565_nhd_c12864                 
0     003f696e  _u8x8_d_st7565_jlx12864                   
0     003f6977  _u8x8_d_st7565_lm6059                     
0     003f69bd  _u8x8_d_st7565_lx12864                    
0     003f6a03  _u8x8_d_st7565_erc12864                   
0     003f6a49  _u8x8_d_nt7534_tg12864r                   
0     003f6a8f  _u8x8_d_st7565_ea_dogm132                 
0     003f6ad5  _u8x8_SetFont                             
0     003f6b31  _u8x8_DrawGlyph                           
0     003f6b48  _u8x8_upscale_byte                        
0     003f6b79  _u8x8_Draw2x2Glyph                        
0     003f6bef  _u8x8_Draw1x2Glyph                        
0     003f6c2e  _u8x8_utf8_init                           
0     003f6c36  _u8x8_ascii_next                          
0     003f6c42  _u8x8_utf8_next                           
0     003f6cd5  _u8x8_DrawString                          
0     003f6ce6  _u8x8_DrawUTF8                            
0     003f6d22  _u8x8_Draw2x2String                       
0     003f6d33  _u8x8_Draw2x2UTF8                         
0     003f6d6e  _u8x8_Draw1x2String                       
0     003f6d7f  _u8x8_Draw1x2UTF8                         
0     003f6d90  _u8x8_GetUTF8Len                          
0     003f6df6  _u8x8_d_ks0108_128x64                     
0     003f6eb8  _u8x8_d_ks0108_erm19264                   
0     003f6fc5  _cpu_timer0_isr                           
0     003f6ff1  _u8x8_gpio_call                           
0     003f7000  _RamfuncsLoadStart                        
0     003f7023  _u8g2_read_font_info                      
0     003f70c4  _u8g2_GetFontSize                         
0     003f70e9  _u8g2_GetFontBBXWidth                     
0     003f70f1  _u8g2_GetFontBBXHeight                    
0     003f70f9  _u8g2_GetFontBBXOffX                      
0     003f7101  _u8g2_GetFontBBXOffY                      
0     003f7109  _u8g2_GetFontCapitalAHeight               
0     003f7111  _u8g2_font_decode_get_unsigned_bits       
0     003f7142  _u8g2_font_decode_get_signed_bits         
0     003f718b  _u8g2_font_decode_len                     
0     003f7230  _u8g2_font_decode_glyph                   
0     003f72ec  _u8g2_font_get_glyph_data                 
0     003f7358  _u8g2_IsGlyph                             
0     003f7364  _u8g2_GetGlyphWidth                       
0     003f7394  _u8g2_SetFontMode                         
0     003f739e  _u8g2_DrawGlyph                           
0     003f741a  _u8g2_DrawStr                             
0     003f742b  _u8g2_DrawUTF8                            
0     003f743c  _u8g2_DrawExtendedUTF8                    
0     003f748f  _u8g2_DrawExtUTF8                         
0     003f74e2  _u8g2_UpdateRefHeight                     
0     003f755b  _u8g2_SetFontRefHeightText                
0     003f7566  _u8g2_SetFontRefHeightExtendedText        
0     003f7572  _u8g2_SetFontRefHeightAll                 
0     003f757e  _u8g2_font_calc_vref_font                 
0     003f7583  _u8g2_SetFontPosBaseline                  
0     003f758d  _u8g2_font_calc_vref_bottom               
0     003f7595  _u8g2_SetFontPosBottom                    
0     003f759f  _u8g2_font_calc_vref_top                  
0     003f75aa  _u8g2_SetFontPosTop                       
0     003f75b4  _u8g2_font_calc_vref_center               
0     003f75ce  _u8g2_SetFontPosCenter                    
0     003f75d8  _u8g2_SetFont                             
0     003f7662  _u8g2_GetStrX                             
0     003f76db  _u8g2_GetStrWidth                         
0     003f76e8  _u8g2_GetExactStrWidth                    
0     003f76f5  _u8g2_GetUTF8Width                        
0     003f7702  _u8g2_SetFontDirection                    
0     003f770c  _u8x8_byte_SetDC                          
0     003f771a  _u8x8_byte_SendBytes                      
0     003f7728  _u8x8_byte_SendByte                       
0     003f7733  _u8x8_byte_StartTransfer                  
0     003f7740  _u8x8_byte_EndTransfer                    
0     003f774d  _u8x8_byte_empty                          
0     003f775d  _u8x8_byte_4wire_sw_spi                   
0     003f7800  _u8x8_byte_8bit_6800mode                  
0     003f7889  _u8x8_byte_8bit_8080mode                  
0     003f7912  _u8x8_byte_3wire_sw_spi                   
0     003f79ba  _u8x8_byte_set_ks0108_cs                  
0     003f79d6  _u8x8_byte_ks0108                         
0     003f7a59  _u8x8_byte_sed1520                        
0     003f7baa  _u8x8_byte_sw_i2c                         
0     003f7be2  _u8g2_m_16_4_1                            
0     003f7bea  _u8g2_m_16_4_2                            
0     003f7bf2  _u8g2_m_16_4_f                            
0     003f7bfa  _u8g2_m_16_8_1                            
0     003f7c02  _u8g2_m_16_8_2                            
0     003f7c0a  _u8g2_m_16_8_f                            
0     003f7c12  _u8g2_m_9_5_1                             
0     003f7c1a  _u8g2_m_9_5_2                             
0     003f7c22  _u8g2_m_9_5_f                             
0     003f7c2a  _u8g2_m_8_4_1                             
0     003f7c32  _u8g2_m_8_4_2                             
0     003f7c3a  _u8g2_m_8_4_f                             
0     003f7c42  _u8g2_m_8_16_1                            
0     003f7c4a  _u8g2_m_8_16_2                            
0     003f7c52  _u8g2_m_8_16_f                            
0     003f7c5a  _u8g2_m_12_12_1                           
0     003f7c62  _u8g2_m_12_12_2                           
0     003f7c6a  _u8g2_m_12_12_f                           
0     003f7c72  _u8g2_m_16_16_1                           
0     003f7c7a  _u8g2_m_16_16_2                           
0     003f7c82  _u8g2_m_16_16_f                           
0     003f7c8a  _u8g2_m_32_8_1                            
0     003f7c92  _u8g2_m_32_8_2                            
0     003f7c9a  _u8g2_m_32_8_f                            
0     003f7ca2  _u8g2_m_8_6_1                             
0     003f7caa  _u8g2_m_8_6_2                             
0     003f7cb2  _u8g2_m_8_6_f                             
0     003f7cba  _u8g2_m_6_8_1                             
0     003f7cc2  _u8g2_m_6_8_2                             
0     003f7cca  _u8g2_m_6_8_f                             
0     003f7cd2  _u8g2_m_12_2_1                            
0     003f7cda  _u8g2_m_12_2_2                            
0     003f7ce2  _u8g2_m_12_2_f                            
0     003f7cea  _u8g2_m_32_4_1                            
0     003f7cf2  _u8g2_m_32_4_2                            
0     003f7cfa  _u8g2_m_32_4_f                            
0     003f7d02  _u8g2_m_16_12_1                           
0     003f7d0a  _u8g2_m_16_12_2                           
0     003f7d12  _u8g2_m_16_12_f                           
0     003f7d1a  _u8g2_m_24_4_1                            
0     003f7d22  _u8g2_m_24_4_2                            
0     003f7d2a  _u8g2_m_24_4_f                            
0     003f7d32  _u8g2_m_13_8_1                            
0     003f7d3a  _u8g2_m_13_8_2                            
0     003f7d42  _u8g2_m_13_8_f                            
0     003f7d4a  _u8g2_m_11_6_1                            
0     003f7d52  _u8g2_m_11_6_2                            
0     003f7d5a  _u8g2_m_11_6_f                            
0     003f7d62  _u8g2_m_12_9_1                            
0     003f7d6a  _u8g2_m_12_9_2                            
0     003f7d72  _u8g2_m_12_9_f                            
0     003f7d7a  _u8g2_m_24_8_1                            
0     003f7d82  _u8g2_m_24_8_2                            
0     003f7d8a  _u8g2_m_24_8_f                            
0     003f7d92  _u8g2_m_30_8_1                            
0     003f7d9a  _u8g2_m_30_8_2                            
0     003f7da2  _u8g2_m_30_8_f                            
0     003f7daa  _u8g2_m_30_15_1                           
0     003f7db2  _u8g2_m_30_15_2                           
0     003f7dba  _u8g2_m_30_15_f                           
0     003f7dc2  _u8g2_m_30_16_1                           
0     003f7dca  _u8g2_m_30_16_2                           
0     003f7dd2  _u8g2_m_30_16_f                           
0     003f7dda  _u8g2_m_20_16_1                           
0     003f7de2  _u8g2_m_20_16_2                           
0     003f7dea  _u8g2_m_20_16_f                           
0     003f7df2  _u8g2_m_20_13_1                           
0     003f7dfa  _u8g2_m_20_13_2                           
0     003f7e02  _u8g2_m_20_13_f                           
0     003f7e0a  _u8g2_m_30_20_1                           
0     003f7e12  _u8g2_m_30_20_2                           
0     003f7e1a  _u8g2_m_30_20_f                           
0     003f7e22  _u8g2_m_17_4_1                            
0     003f7e2a  _u8g2_m_17_4_2                            
0     003f7e32  _u8g2_m_17_4_f                            
0     003f7e3a  _u8g2_m_17_8_1                            
0     003f7e42  _u8g2_m_17_8_2                            
0     003f7e4a  _u8g2_m_17_8_f                            
0     003f7e52  _u8g2_m_32_16_1                           
0     003f7e5a  _u8g2_m_32_16_2                           
0     003f7e62  _u8g2_m_32_16_f                           
0     003f7e6a  _u8g2_m_32_20_1                           
0     003f7e72  _u8g2_m_32_20_2                           
0     003f7e7a  _u8g2_m_32_20_f                           
0     003f7e82  _u8g2_m_22_13_1                           
0     003f7e8a  _u8g2_m_22_13_2                           
0     003f7e92  _u8g2_m_22_13_f                           
0     003f7e9a  _u8g2_m_20_10_1                           
0     003f7ea2  _u8g2_m_20_10_2                           
0     003f7eaa  _u8g2_m_20_10_f                           
0     003f7eb2  _u8g2_m_20_20_1                           
0     003f7eba  _u8g2_m_20_20_2                           
0     003f7ec2  _u8g2_m_20_20_f                           
0     003f7eca  _u8g2_m_22_9_1                            
0     003f7ed2  _u8g2_m_22_9_2                            
0     003f7eda  _u8g2_m_22_9_f                            
0     003f7ee2  _u8g2_m_25_25_1                           
0     003f7eea  _u8g2_m_25_25_2                           
0     003f7ef2  _u8g2_m_25_25_f                           
0     003f7efa  _u8g2_m_37_16_1                           
0     003f7f02  _u8g2_m_37_16_2                           
0     003f7f0a  _u8g2_m_37_16_f                           
0     003f7f12  _u8g2_m_40_30_1                           
0     003f7f1a  _u8g2_m_40_30_2                           
0     003f7f22  _u8g2_m_40_30_f                           
0     003f7f2a  _u8g2_m_4_1_1                             
0     003f7f32  _u8g2_m_4_1_2                             
0     003f7f3a  _u8g2_m_4_1_f                             
0     003f7f42  _u8g2_m_48_30_1                           
0     003f7f4a  _u8g2_m_48_30_2                           
0     003f7f52  _u8g2_m_48_30_f                           
0     003f7f5a  _InitPieVectTable                         
0     003f7ff6  code_start                                
1     00000400  __stack                                   
1     00000600  __STACK_END                               
1     00000600  ___TI_ft_end                              
1     00000640  __ftable                                  
1     000006c0  ___TI_tmpnams                             
1     00000780  _bitmap                                   
1     00000880  _DevEmuRegs                               
1     00000985  _SysPwrCtrlRegs                           
1     00000a80  _FlashRegs                                
1     00000ae0  _CsmRegs                                  
1     00000b00  _AdcResult                                
1     00000c00  _CpuTimer0Regs                            
1     00000c08  _CpuTimer1Regs                            
1     00000c10  _CpuTimer2Regs                            
1     00000ce0  _PieCtrlRegs                              
1     00000d00  _EmuKey                                   
1     00000d00  _PieVectTable                             
1     00000d01  _EmuBMode                                 
1     00000d02  _Flash_CallbackPtr                        
1     00000d04  _Flash_CPUScaleFactor                     
1     00006400  _Comp1Regs                                
1     00006420  _Comp2Regs                                
1     00006800  _EPwm1Regs                                
1     00006840  _EPwm2Regs                                
1     00006880  _EPwm3Regs                                
1     000068c0  _EPwm4Regs                                
1     00006a00  _ECap1Regs                                
1     00006f80  _GpioCtrlRegs                             
1     00006fc0  _GpioDataRegs                             
1     00006fe0  _GpioIntRegs                              
1     00007010  _SysCtrlRegs                              
1     00007040  _SpiaRegs                                 
1     00007050  _SciaRegs                                 
1     00007060  _NmiIntruptRegs                           
1     00007070  _XIntruptRegs                             
1     00007100  _AdcRegs                                  
1     00007900  _I2caRegs                                 
1     00008000  __sys_memory                              
1     003d7fff  _PartIdRegs                               
1     003f7ff8  _CsmPwl                                   
abs   00000004  _RamfuncsLoadSize                         
abs   00000200  __STACK_SIZE                              
abs   00000400  __SYSMEM_SIZE                             
abs   000007fc  _errno                                    
abs   003fdc5e  FD$$MPY                                   
abs   003fdde7  FS$$MPY                                   
abs   003fdf55  I$$DIV                                    
abs   003fdf66  I$$MOD                                    
abs   003fdf7b  FD$$TOL                                   
abs   003fdf9a  I$$TOFD                                   
abs   003fdfb7  FS$$TOFD                                  
abs   003ffee5  FS$$TOL                                   
abs   ffffffff  .text                                     
abs   ffffffff  ___TI_pprof_out_hndl                      
abs   ffffffff  ___TI_prof_data_size                      
abs   ffffffff  ___TI_prof_data_start                     
abs   ffffffff  ___binit__                                
abs   ffffffff  ___c_args__                               
abs   ffffffff  ___etext__                                
abs   ffffffff  ___pinit__                                
abs   ffffffff  ___text__                                 
abs   ffffffff  binit                                     
abs   ffffffff  etext                                     
abs   ffffffff  pinit                                     

[968 symbols]
